BRANCH ACTIVITY REGISTER                                PAGE    1
MIDLAND MUTUAL CREDIT UNION                             RUN 09/16/2026 06:12
========================================================================

BRANCH  58  LAKESIDE

  ACCT        MEMBER NAME              POSTED             AMOUNT
  ----------  ----------------------   ----------   ------------
  00148413    ABIODUN, WINIFRED        26-MAR-2026      2,893.75
  00147339    PETROVA, BRENDAN         14-FEB-2026        596.42
  00148539    MWANGI, YUKI             15-MAR-2026        485.18
  00148176    THORNBURY, FEMI          18-JAN-2026      3,141.82
  00144771    ROSSI, YUKI              14-APR-2026        780.36

  BRANCH TOTAL                                          7,897.53

  REMARKS:
    reconciled against the general ledger

BRANCH  49  CEDAR PARK

  ACCT        MEMBER NAME              POSTED             AMOUNT
  ----------  ----------------------   ----------   ------------
  00140897    ROSSI, YUKI              21-NOV-2026      3,053.80
  00149371    REYES, IRINA             27-OCT-2026      4,486.12
  00147471    THORNBURY, WINIFRED      14-SEP-2026      4,534.24
  00142221    WHITFIELD, DIEGO         18-JUL-2026      3,645.65
  00146502    CHAUDHRY, NADIA          20-DEC-2026       (87.93)
  00140455    ROSSI, CHIARA            23-JUL-2026      4,535.67
  00146011    MWANGI, ALICE            16-JUN-2026      3,777.88
  00142589    ROSSI, GUNNAR            14-MAY-2026        739.72
  00141787    REYES, ESTHER            13-FEB-2026        873.17

  BRANCH TOTAL                                         25,558.32

  REMARKS:
    two items held for review

BRANCH  16  LAKESIDE

  ACCT        MEMBER NAME              POSTED             AMOUNT
  ----------  ----------------------   ----------   ------------
  00149181    ROSSI, NADIA             14-FEB-2026      2,883.50
  00140240    ABIODUN, IRINA           14-NOV-2026      2,440.00
  00149094    ROSSI, BRENDAN           19-OCT-2026      2,725.81
  00145919    ABIODUN, DIEGO           13-MAR-2026      4,278.91
  00145431    CHAUDHRY, ALICE          26-JUL-2026      2,575.95

  BRANCH TOTAL                                         14,904.17


BRANCH ACTIVITY REGISTER                                PAGE    2
MIDLAND MUTUAL CREDIT UNION                             RUN 09/16/2026 06:12
========================================================================

  REMARKS:
    reconciled against the general ledger

BRANCH  10  WESTFIELD

  ACCT        MEMBER NAME              POSTED             AMOUNT
  ----------  ----------------------   ----------   ------------
  00142459    NAKAMURA, EVA            18-NOV-2026      3,718.75
  00149113    DELACROIX, ALICE         17-MAY-2026      3,143.17
  00144592    ROSSI, PHILIPPE          28-APR-2026    (1,021.68)
  00143403    ROSSI, YUKI              26-MAR-2026    (2,771.85)
  00141955    ABIODUN, LASZLO          13-AUG-2026      3,557.21

  BRANCH TOTAL                                          6,625.60

  REMARKS:
    reconciled against the general ledger

