BRANCH ACTIVITY REGISTER                                PAGE    1
MIDLAND MUTUAL CREDIT UNION                             RUN 09/16/2026 06:12
========================================================================

BRANCH  26  WESTFIELD

  ACCOUNT     MEMBER NAME              POSTED             AMOUNT
  ----------  ----------------------   ----------   ------------
  00144697    WHITFIELD, CARMEN        19-JUL-2026      3,070.36
  00145622    ANDERSSON, ESTHER        26-JUN-2026      3,048.92
  00147702    THORNBURY, LASZLO        16-JUN-2026      2,726.28
  00146666    DELACROIX, ALICE         15-JUL-2026      2,044.14
  00147057    MERCER, EVA              20-FEB-2026      4,327.35
  00149915    PETROVA, WINIFRED        15-APR-2026      2,234.04
  00145860    DELACROIX, WINIFRED      17-JUL-2026        924.75

  BRANCH TOTAL                                         18,375.84

BRANCH  11  CEDAR PARK

  ACCOUNT     MEMBER NAME              POSTED             AMOUNT
  ----------  ----------------------   ----------   ------------
  00146972    OKAFOR, YUKI             18-MAR-2026        906.93
  00144854    NAKAMURA, ESTHER         20-AUG-2026        933.58
  00141176    NAKAMURA, ESTHER         17-FEB-2026      3,037.66
  00142823    KOVACS, YUKI             21-AUG-2026      4,056.09
  00146625    SANTOS, YUKI             21-OCT-2026      3,256.13
  00142928    NAKAMURA, WINIFRED       19-DEC-2026      2,768.48
  00144379    MERCER, LASZLO           14-APR-2026      4,730.06

  BRANCH TOTAL                                         19,688.93

BRANCH  11  OLD MILL

  ACCOUNT     MEMBER NAME              POSTED             AMOUNT
  ----------  ----------------------   ----------   ------------
  00147563    WHITFIELD, YUKI          22-OCT-2026        742.79
  00147888    OKAFOR, MARGARET         14-MAR-2026      2,089.75
  00142162    ANDERSSON, LASZLO        13-NOV-2026      3,206.83
  00146164    ABIODUN, LASZLO          20-OCT-2026      1,571.36
  00148964    ABIODUN, LASZLO          21-OCT-2026     -4,237.24
  00140113    SANTOS, CHIARA           28-OCT-2026        196.15

  BRANCH TOTAL                                          3,569.64

