BRANCH ACTIVITY REGISTER                                PAGE    1
MIDLAND MUTUAL CREDIT UNION                             RUN 09/16/2026 06:12
========================================================================

BRANCH  71  HARBOUR

    ACCOUNT     MEMBER NAME              POSTED             AMOUNT
    ----------  ----------------------   ----------   ------------
    00145975    MERCER, PHILIPPE         06/16/2026      1,694.88-
    00147319    PETROVA, ALICE           03/28/2026      2,516.23-
    00142541    MERCER, PHILIPPE         10/21/2026       1,104.70
    00140064    MERCER, FEMI             09/17/2026         109.55
    00145303    MERCER, EVA              12/17/2026       2,606.14

    BRANCH TOTAL                                           390.72-

BRANCH  39  RIVERSIDE

    ACCOUNT     MEMBER NAME              POSTED             AMOUNT
    ----------  ----------------------   ----------   ------------
    00146102    SANTOS, EVA              04/15/2026       3,243.22
    00149101    DELACROIX, NADIA         10/18/2026      3,401.13-
    00148936    MWANGI, EVA              02/22/2026         576.88
    00148813    OKAFOR, ESTHER           05/21/2026       2,609.00
    00149848    LINDQVIST, GUNNAR        01/27/2026       3,796.28
    00147771    KOVACS, EVA              06/19/2026         462.50
    00145691    THORNBURY, BRENDAN       04/20/2026       1,379.09
    00148068    THORNBURY, WINIFRED      06/25/2026       2,720.73
    00141511    ROSSI, CHIARA            09/13/2026         961.27

    BRANCH TOTAL                                         12,347.84

BRANCH  44  HARBOUR

    ACCOUNT     MEMBER NAME              POSTED             AMOUNT
    ----------  ----------------------   ----------   ------------
    00146553    WHITFIELD, WINIFRED      01/27/2026       2,216.14
    00147734    PETROVA, CHIARA          08/13/2026      1,435.97-
    00143464    REYES, BRENDAN           08/21/2026       2,046.04
    00147974    ABIODUN, YUKI            03/24/2026       2,038.50
    00146159    NAKAMURA, CHIARA         01/19/2026       2,434.48
    00145054    LINDQVIST, NADIA         01/23/2026       4,338.64
    00146458    MERCER, DIEGO            08/27/2026       2,791.30
    00140854    ROSSI, LASZLO            10/18/2026      3,471.51-

    BRANCH TOTAL                                         10,957.62

BRANCH  41  NORTHGATE

    ACCOUNT     MEMBER NAME              POSTED             AMOUNT

BRANCH ACTIVITY REGISTER                                PAGE    2
MIDLAND MUTUAL CREDIT UNION                             RUN 09/16/2026 06:12
========================================================================

    ----------  ----------------------   ----------   ------------
    00148641    ROSSI, CHIARA            05/17/2026       1,682.86
    00147546    KOVACS, BRENDAN          03/13/2026       3,308.66
    00141791    OKAFOR, DIEGO            07/26/2026         105.26
    00143045    MERCER, IRINA            09/28/2026       4,295.16
    00146846    THORNBURY, CHIARA        03/20/2026       2,730.62

    BRANCH TOTAL                                         12,122.56

