BRANCH ACTIVITY REGISTER                                PAGE    1
MIDLAND MUTUAL CREDIT UNION                             RUN 09/16/2026 06:12
========================================================================

BRANCH  28  STONEBRIDGE

    ACCOUNT     MEMBER NAME              POSTED             AMOUNT
    ----------  ----------------------   ----------   ------------
    00146545    REYES, GUNNAR            07/27/2026     (1,486.86)
    00144646    NAKAMURA, CHIARA         10/20/2026       3,736.05
    00143064    KOVACS, ALICE            12/20/2026       1,768.42
    00146247    MERCER, ALICE            11/15/2026       1,098.70
    00144750    THORNBURY, CARMEN        12/19/2026         706.70
    00141141    NAKAMURA, ESTHER         12/18/2026          89.23
    00142782    PETROVA, CHIARA          03/16/2026       2,505.54

    TOTAL FOR BRANCH                                      8,417.78

BRANCH  23  STONEBRIDGE

    ACCOUNT     MEMBER NAME              POSTED             AMOUNT
    ----------  ----------------------   ----------   ------------
    00141467    KOVACS, CARMEN           07/20/2026         798.80
    00146330    MERCER, ESTHER           02/19/2026       3,016.24
    00140002    CHAUDHRY, GUNNAR         08/15/2026       1,154.82
    00142725    LINDQVIST, YUKI          06/19/2026       4,544.54
    00141351    CHAUDHRY, GUNNAR         04/21/2026       1,846.62

    TOTAL FOR BRANCH                                     11,361.02

BRANCH  96  RIVERSIDE

    ACCOUNT     MEMBER NAME              POSTED             AMOUNT
    ----------  ----------------------   ----------   ------------
    00149438    DELACROIX, CHIARA        09/24/2026     (4,617.64)
    00148768    PETROVA, ESTHER          12/19/2026       (138.97)
    00142184    THORNBURY, DIEGO         09/19/2026       3,840.81
    00149808    SANTOS, ALICE            10/18/2026       2,656.90
    00148763    ROSSI, LASZLO            01/15/2026       2,049.29
    00141804    DELACROIX, ESTHER        02/16/2026       4,389.70

    TOTAL FOR BRANCH                                      8,180.09

