BRANCH ACTIVITY REGISTER                                PAGE    1
MIDLAND MUTUAL CREDIT UNION                             RUN 09/16/2026 06:12
========================================================================

BRANCH  72  CEDAR PARK

    ACCT NO     MEMBER NAME              POSTED             AMOUNT
    ----------  ----------------------   ----------   ------------
    00144364    OKAFOR, WINIFRED         17-APR-2026     -3,608.44
    00143028    PETROVA, IRINA           28-MAY-2026     -4,671.81
    00145074    THORNBURY, LASZLO        22-JUL-2026      1,329.13
    00144091    CHAUDHRY, YUKI           18-JAN-2026      2,822.06
    00145629    MERCER, PHILIPPE         24-AUG-2026      3,288.77
    00146281    LINDQVIST, BRENDAN       28-SEP-2026      2,701.23
    00142684    KOVACS, ALICE            22-JUN-2026      2,057.70
    00142548    REYES, EVA               16-OCT-2026        567.86

    TOTAL FOR BRANCH                                      4,486.50

    REMARKS:
      reconciled against the general ledger

BRANCH  29  WESTFIELD

    ACCT NO     MEMBER NAME              POSTED             AMOUNT
    ----------  ----------------------   ----------   ------------
    00144240    OKAFOR, DIEGO            14-OCT-2026      4,613.74
    00144560    CHAUDHRY, CHIARA         20-MAY-2026      1,630.34
    00141591    MWANGI, CHIARA           22-SEP-2026     -1,228.93
    00140662    MERCER, GUNNAR           21-JAN-2026        104.57
    00144424    PETROVA, CARMEN          15-JAN-2026        932.42
    00148089    REYES, CHIARA            19-FEB-2026     -3,243.91
    00143307    WHITFIELD, WINIFRED      13-JUN-2026      1,383.90
    00140544    MWANGI, MARGARET         19-AUG-2026     -2,010.21
    00143777    ABIODUN, FEMI            22-FEB-2026     -2,431.02

    TOTAL FOR BRANCH                                       -249.10

    REMARKS:
      branch closed early for maintenance

BRANCH  53  NORTHGATE

    ACCT NO     MEMBER NAME              POSTED             AMOUNT
    ----------  ----------------------   ----------   ------------
    00149630    WHITFIELD, CHIARA        14-NOV-2026        643.67
    00148608    PETROVA, NADIA           22-NOV-2026      3,165.23
    00142256    WHITFIELD, FEMI          16-DEC-2026      1,142.87
    00142518    ABIODUN, MARGARET        13-NOV-2026      2,472.93
    00146677    ANDERSSON, NADIA         16-MAY-2026      1,158.83
    00143288    OKAFOR, BRENDAN          24-JAN-2026      3,709.48
    00147560    ABIODUN, ESTHER          16-APR-2026      2,892.80
    00146107    KOVACS, YUKI             16-JUN-2026      2,541.74
    00141619    MERCER, YUKI             27-MAR-2026      2,214.35

    TOTAL FOR BRANCH                                     19,941.90

    REMARKS:
      branch closed early for maintenance


BRANCH ACTIVITY REGISTER                                PAGE    2
MIDLAND MUTUAL CREDIT UNION                             RUN 09/16/2026 06:12
========================================================================

BRANCH  85  NORTHGATE

    ACCT NO     MEMBER NAME              POSTED             AMOUNT
    ----------  ----------------------   ----------   ------------
    00148087    MERCER, ALICE            14-JUL-2026      1,625.15
    00148551    ANDERSSON, PHILIPPE      13-AUG-2026     -3,689.90
    00143553    CHAUDHRY, ALICE          18-NOV-2026      2,011.52
    00141781    REYES, YUKI              17-NOV-2026      3,975.16
    00146786    MERCER, IRINA            21-OCT-2026     -1,984.15
    00148392    THORNBURY, BRENDAN       26-MAR-2026        711.36
    00144594    REYES, WINIFRED          26-JAN-2026      1,290.47
    00144533    ABIODUN, MARGARET        15-NOV-2026     -3,001.27
    00149569    ANDERSSON, ESTHER        27-JUL-2026      3,706.22

    TOTAL FOR BRANCH                                      4,644.56

    REMARKS:
      reconciled against the general ledger

