BRANCH ACTIVITY REGISTER                                PAGE    1
MIDLAND MUTUAL CREDIT UNION                             RUN 09/16/2026 06:12
========================================================================

BRANCH  51  NORTHGATE

    ACCT NO     MEMBER NAME                    POSTED             AMOUNT
    ----------  ----------------------------   ----------   ------------
    00143677    ANDERSSON, PHILIPPE            16-JAN-2026     3,973.81-
    00149267    REYES, CARMEN                  22-MAR-2026      1,222.39
    00141538    ROSSI, PHILIPPE                16-JAN-2026        211.11
    00141703    THORNBURY, FEMI                21-FEB-2026      3,929.39
    00144473    THORNBURY, CARMEN              27-JUN-2026      1,946.50
    00142416    SANTOS, GUNNAR                 14-OCT-2026      4,770.31
    00147783    ANDERSSON, WINIFRED            14-OCT-2026      1,012.07

    TOTAL FOR BRANCH                                            9,117.96

    REMARKS:
      posted late by operations

BRANCH  50  CEDAR PARK

    ACCT NO     MEMBER NAME                    POSTED             AMOUNT
    ----------  ----------------------------   ----------   ------------
    00148314    REYES, CHIARA                  19-AUG-2026      3,685.29
    00144546    SANTOS, IRINA                  23-JAN-2026      2,381.08
    00144892    MERCER, WINIFRED               27-JUN-2026      4,253.87
    00145859    SANTOS, BRENDAN                23-FEB-2026       958.33-
    00146879    ABIODUN, WINIFRED              24-SEP-2026      2,863.47
    00143383    OKAFOR, YUKI                   26-OCT-2026      2,270.69

    TOTAL FOR BRANCH                                           14,496.07

    REMARKS:
      posted late by operations

BRANCH  51  NORTHGATE

    ACCT NO     MEMBER NAME                    POSTED             AMOUNT
    ----------  ----------------------------   ----------   ------------
    00145377    CHAUDHRY, DIEGO                16-AUG-2026      3,527.90
    00145853    NAKAMURA, FEMI                 20-SEP-2026     3,247.01-
    00145990    MWANGI, MARGARET               24-AUG-2026      4,659.45
    00142333    THORNBURY, EVA                 28-AUG-2026      1,015.18
    00148257    ABIODUN, BRENDAN               15-NOV-2026     3,505.99-

    TOTAL FOR BRANCH                                            2,449.53

    REMARKS:
      two items held for review

