BRANCH ACTIVITY REGISTER                                PAGE    1
MIDLAND MUTUAL CREDIT UNION                             RUN 09/16/2026 06:12
========================================================================

BRANCH  59  RIVERSIDE

      ACCT NO     MEMBER NAME                    POSTED             AMOUNT
      ----------  ----------------------------   ----------   ------------
      00148428    CHAUDHRY, PHILIPPE             01/27/2026       2,072.65
      00141817    DELACROIX, MARGARET            01/21/2026       4,284.32
      00140457    DELACROIX, ALICE               07/28/2026       2,376.61
      00141568    WHITFIELD, CHIARA              11/26/2026       2,669.82
      00147375    WHITFIELD, IRINA               02/26/2026       (622.37)
      00140183    ABIODUN, CHIARA                07/20/2026       2,330.00

      TOTAL FOR BRANCH                                           13,111.03

      REMARKS:
        branch closed early for maintenance

BRANCH  66  STONEBRIDGE

      ACCT NO     MEMBER NAME                    POSTED             AMOUNT
      ----------  ----------------------------   ----------   ------------
      00142121    LINDQVIST, GUNNAR              11/20/2026       1,081.51
      00148068    ROSSI, CARMEN                  02/14/2026       1,046.80
      00141582    OKAFOR, GUNNAR                 06/22/2026       2,893.93
      00142442    KOVACS, ESTHER                 03/13/2026         698.03
      00149255    PETROVA, LASZLO                10/26/2026     (2,483.84)
      00141140    DELACROIX, LASZLO              06/14/2026         576.87
      00140451    DELACROIX, DIEGO               01/18/2026       3,067.99
      00144721    THORNBURY, MARGARET            08/20/2026       1,864.82
      00146392    ABIODUN, CARMEN                11/13/2026     (2,167.52)

      TOTAL FOR BRANCH                                            6,578.59

      REMARKS:
        two items held for review

BRANCH  18  NORTHGATE

      ACCT NO     MEMBER NAME                    POSTED             AMOUNT
      ----------  ----------------------------   ----------   ------------
      00147258    THORNBURY, FEMI                03/16/2026       1,989.42
      00146956    KOVACS, BRENDAN                09/21/2026       1,037.54
      00141614    ANDERSSON, GUNNAR              02/18/2026       2,553.91
      00149862    PETROVA, YUKI                  03/25/2026       (422.76)
      00145508    KOVACS, FEMI                   02/22/2026       1,838.01
      00144442    ABIODUN, LASZLO                02/22/2026         174.96

      TOTAL FOR BRANCH                                            7,171.08

      REMARKS:
        posted late by operations

