BRANCH ACTIVITY REGISTER                                PAGE    1
MIDLAND MUTUAL CREDIT UNION                             RUN 09/16/2026 06:12
========================================================================

BRANCH  43  RIVERSIDE

      ACCT        MEMBER NAME                    POSTED             AMOUNT
      ----------  ----------------------------   ----------   ------------
      00143057    NAKAMURA, WINIFRED             01/17/2026          25.34
      00140809    ROSSI, YUKI                    11/15/2026       2,185.85
      00140885    PETROVA, MARGARET              08/22/2026       1,371.74
      00141488    LINDQVIST, ALICE               01/20/2026         205.59
      00149579    ROSSI, FEMI                    06/22/2026       4,509.42
      00141892    REYES, GUNNAR                  10/25/2026       1,464.54
      00143534    DELACROIX, YUKI                01/27/2026       3,513.75
      00143531    THORNBURY, WINIFRED            11/24/2026       1,388.98
      00144368    THORNBURY, ALICE               07/28/2026       2,828.98

      TOTAL FOR BRANCH                                           17,494.19

BRANCH  17  CEDAR PARK

      ACCT        MEMBER NAME                    POSTED             AMOUNT
      ----------  ----------------------------   ----------   ------------
      00149225    MWANGI, LASZLO                 10/22/2026       4,385.45
      00146483    ANDERSSON, YUKI                02/16/2026       3,561.75
      00145834    PETROVA, IRINA                 04/18/2026      -2,091.91
      00141763    ANDERSSON, PHILIPPE            11/18/2026       1,831.85

      TOTAL FOR BRANCH                                            7,687.14

