BRANCH ACTIVITY REGISTER                                PAGE    1
MIDLAND MUTUAL CREDIT UNION                             RUN 09/16/2026 06:12
========================================================================

BRANCH  81  RIVERSIDE

      ACCT        MEMBER NAME                    POSTED             AMOUNT
      ----------  ----------------------------   ----------   ------------
      00142575    LINDQVIST, GUNNAR              01/16/2026       4,278.81
      00142964    ROSSI, CHIARA                  02/26/2026         242.10
      00140658    THORNBURY, BRENDAN             12/19/2026         645.17
      00146258    KOVACS, EVA                    03/21/2026       4,815.72
      00145509    ABIODUN, CARMEN                01/22/2026       2,399.82
      00147548    SANTOS, NADIA                  10/14/2026      -3,809.31

      TOTAL FOR BRANCH                                            8,572.31

BRANCH  51  OLD MILL

      ACCT        MEMBER NAME                    POSTED             AMOUNT
      ----------  ----------------------------   ----------   ------------
      00148668    ANDERSSON, ESTHER              05/13/2026       3,088.04
      00143566    LINDQVIST, ESTHER              07/16/2026       3,582.51
      00145600    ANDERSSON, WINIFRED            11/25/2026        -203.56
      00140197    THORNBURY, PHILIPPE            12/17/2026       3,739.68
      00147438    THORNBURY, FEMI                04/20/2026      -4,082.58
      00148282    ABIODUN, BRENDAN               10/26/2026       1,255.05
      00140922    OKAFOR, DIEGO                  11/16/2026       1,665.03

      TOTAL FOR BRANCH                                            9,044.17

BRANCH  48  HARBOUR

      ACCT        MEMBER NAME                    POSTED             AMOUNT
      ----------  ----------------------------   ----------   ------------
      00147138    WHITFIELD, CHIARA              04/27/2026       2,843.76
      00147545    KOVACS, CARMEN                 09/14/2026       4,356.29
      00146123    OKAFOR, EVA                    02/25/2026       3,047.76
      00144341    MWANGI, ESTHER                 04/18/2026         729.07
      00140199    CHAUDHRY, FEMI                 07/23/2026       2,615.45
      00147066    KOVACS, DIEGO                  09/23/2026       4,327.27
      00148737    REYES, CHIARA                  11/14/2026       3,464.30

      TOTAL FOR BRANCH                                           21,383.90

