BRANCH ACTIVITY REGISTER                                PAGE    1
MIDLAND MUTUAL CREDIT UNION                             RUN 09/16/2026 06:12
========================================================================

BRANCH  56  NORTHGATE

      ACCT        MEMBER NAME                    POSTED             AMOUNT
      ----------  ----------------------------   ----------   ------------
      00140040    THORNBURY, ESTHER              23-JUL-2026      4,516.41
      00147053    NAKAMURA, EVA                  18-JUN-2026      1,786.58
      00147922    DELACROIX, NADIA               22-SEP-2026      2,674.80
      00147141    ROSSI, CHIARA                  25-OCT-2026      4,298.42
      00143088    REYES, ESTHER                  28-APR-2026     1,512.17-
      00147838    ROSSI, EVA                     16-OCT-2026        105.37
      00147926    KOVACS, CARMEN                 18-MAR-2026     2,619.34-

      BRANCH TOTALS                                               9,250.07

BRANCH  25  CEDAR PARK

      ACCT        MEMBER NAME                    POSTED             AMOUNT
      ----------  ----------------------------   ----------   ------------
      00145418    THORNBURY, CARMEN              17-SEP-2026      4,492.03
      00147612    CHAUDHRY, CHIARA               23-MAY-2026      3,132.56
      00145516    DELACROIX, GUNNAR              15-NOV-2026        401.66
      00144139    REYES, CHIARA                  19-FEB-2026        418.43

      BRANCH TOTALS                                               8,444.68

BRANCH  96  LAKESIDE

      ACCT        MEMBER NAME                    POSTED             AMOUNT
      ----------  ----------------------------   ----------   ------------
      00145329    CHAUDHRY, BRENDAN              26-MAY-2026     2,267.74-
      00149824    PETROVA, FEMI                  13-JUL-2026      1,068.66
      00146780    CHAUDHRY, LASZLO               20-JUL-2026      2,064.11
      00146278    MWANGI, EVA                    14-DEC-2026      1,801.89
      00141083    OKAFOR, CHIARA                 22-JUN-2026      4,107.93
      00144257    MERCER, LASZLO                 15-DEC-2026      2,950.33
      00148396    NAKAMURA, ALICE                19-NOV-2026      1,133.85
      00143753    ABIODUN, EVA                   22-SEP-2026      3,399.17
      00149018    SANTOS, IRINA                  14-JUL-2026      2,114.35

      BRANCH TOTALS                                              16,372.55

BRANCH  22  HARBOUR

      ACCT        MEMBER NAME                    POSTED             AMOUNT
      ----------  ----------------------------   ----------   ------------
      00146122    NAKAMURA, DIEGO                17-NOV-2026      4,691.13
      00148157    WHITFIELD, GUNNAR              14-AUG-2026      3,091.66
      00140058    CHAUDHRY, CHIARA               15-JUL-2026      4,016.48
      00144748    ROSSI, BRENDAN                 16-MAR-2026      3,719.77
      00143582    DELACROIX, DIEGO               19-JUN-2026      2,827.99
      00141082    ABIODUN, NADIA                 15-MAY-2026      2,576.97
      00146660    SANTOS, CHIARA                 17-OCT-2026     1,237.12-
      00142934    NAKAMURA, CHIARA               22-JAN-2026     4,444.50-

      BRANCH TOTALS                                              15,242.38


BRANCH ACTIVITY REGISTER                                PAGE    2
MIDLAND MUTUAL CREDIT UNION                             RUN 09/16/2026 06:12
========================================================================

BRANCH  50  RIVERSIDE

      ACCT        MEMBER NAME                    POSTED             AMOUNT
      ----------  ----------------------------   ----------   ------------
      00144241    CHAUDHRY, YUKI                 13-JAN-2026      2,929.57
      00148309    NAKAMURA, ALICE                27-JUN-2026      4,659.63
      00144031    WHITFIELD, IRINA               25-DEC-2026      3,582.32
      00143603    DELACROIX, DIEGO               15-MAY-2026      2,164.70

      BRANCH TOTALS                                              13,336.22

