BRANCH ACTIVITY REGISTER                                PAGE    1
MIDLAND MUTUAL CREDIT UNION                             RUN 09/16/2026 06:12
========================================================================

BRANCH  87  CEDAR PARK

      ACCT        MEMBER NAME                    POSTED             AMOUNT
      ----------  ----------------------------   ----------   ------------
      00143991    THORNBURY, YUKI                23-MAY-2026      2,818.83
      00144300    CHAUDHRY, EVA                  17-DEC-2026     3,419.86-
      00144022    KOVACS, ALICE                  15-FEB-2026        678.46
      00142216    PETROVA, CARMEN                18-OCT-2026       239.34-
      00140221    DELACROIX, WINIFRED            17-AUG-2026         67.29
      00149592    ABIODUN, LASZLO                18-OCT-2026      1,247.83

      BRANCH TOTALS                                               1,153.21

BRANCH  58  HARBOUR

      ACCT        MEMBER NAME                    POSTED             AMOUNT
      ----------  ----------------------------   ----------   ------------
      00149429    OKAFOR, NADIA                  26-SEP-2026      1,650.97
      00144295    KOVACS, YUKI                   28-APR-2026     4,779.20-
      00145491    REYES, DIEGO                   25-APR-2026        183.61
      00144385    THORNBURY, IRINA               21-JUL-2026      3,584.43
      00143781    WHITFIELD, FEMI                24-JAN-2026        406.74
      00143490    MWANGI, EVA                    27-JUL-2026      3,185.80
      00141667    LINDQVIST, FEMI                20-JUN-2026     2,230.40-
      00148355    CHAUDHRY, CARMEN               27-JUL-2026      4,588.38

      BRANCH TOTALS                                               6,590.33

