BRANCH ACTIVITY REGISTER                                PAGE    1
MIDLAND MUTUAL CREDIT UNION                             RUN 09/16/2026 06:12
========================================================================

BRANCH  83  RIVERSIDE

      ACCT        MEMBER NAME                    POSTED             AMOUNT
      ----------  ----------------------------   ----------   ------------
      00140903    CHAUDHRY, LASZLO               17-FEB-2026      1,068.42
      00147786    MWANGI, LASZLO                 17-JAN-2026        539.90
      00144026    PETROVA, CHIARA                17-AUG-2026      4,804.16
      00140492    ANDERSSON, CARMEN              28-MAY-2026      1,306.57

      BRANCH TOTALS                                               7,719.05

BRANCH  82  LAKESIDE

      ACCT        MEMBER NAME                    POSTED             AMOUNT
      ----------  ----------------------------   ----------   ------------
      00148515    WHITFIELD, CHIARA              18-JAN-2026      4,367.91
      00148207    ANDERSSON, FEMI                23-JAN-2026      1,708.73
      00144806    PETROVA, ESTHER                17-OCT-2026    (3,456.13)
      00146414    KOVACS, MARGARET               27-SEP-2026      1,799.93
      00143121    CHAUDHRY, MARGARET             14-APR-2026    (4,738.66)
      00145285    MERCER, BRENDAN                25-JUN-2026      1,706.71

      BRANCH TOTALS                                               1,388.49

