BRANCH ACTIVITY REGISTER                                PAGE    1
MIDLAND MUTUAL CREDIT UNION                             RUN 09/16/2026 06:12
========================================================================

BRANCH  18  RIVERSIDE

  ACCOUNT     MEMBER NAME                    POSTED             AMOUNT
  ----------  ----------------------------   ----------   ------------
  00143558    ANDERSSON, EVA                 01/16/2026      2,994.73-
  00142237    ABIODUN, GUNNAR                10/14/2026       3,208.79
  00148042    SANTOS, CARMEN                 11/13/2026         346.84
  00142442    NAKAMURA, CHIARA               08/18/2026         610.04
  00144195    ABIODUN, DIEGO                 02/26/2026      2,408.18-
  00145101    MERCER, CHIARA                 09/28/2026       1,221.14
  00145371    WHITFIELD, NADIA               01/28/2026       3,671.37
  00144573    OKAFOR, LASZLO                 09/14/2026       4,186.13

  BRANCH TOTALS                                               7,841.40

  REMARKS:
    two items held for review

BRANCH  73  CEDAR PARK

  ACCOUNT     MEMBER NAME                    POSTED             AMOUNT
  ----------  ----------------------------   ----------   ------------
  00143553    DELACROIX, CHIARA              09/25/2026         379.62
  00143330    NAKAMURA, ALICE                01/15/2026         449.03
  00148561    MERCER, WINIFRED               07/27/2026         564.89
  00149515    DELACROIX, BRENDAN             06/18/2026         787.90
  00143760    PETROVA, CARMEN                08/27/2026         486.21
  00148255    ANDERSSON, LASZLO              01/15/2026       2,384.79
  00149083    REYES, MARGARET                02/17/2026       1,006.71
  00146277    LINDQVIST, PHILIPPE            11/19/2026       4,304.26

  BRANCH TOTALS                                              10,363.41

  REMARKS:
    reconciled against the general ledger

BRANCH  30  HARBOUR

  ACCOUNT     MEMBER NAME                    POSTED             AMOUNT
  ----------  ----------------------------   ----------   ------------
  00147755    KOVACS, NADIA                  09/28/2026       1,061.57
  00149384    ROSSI, CHIARA                  02/17/2026       2,378.94
  00147553    KOVACS, FEMI                   09/15/2026       3,002.43
  00148343    ABIODUN, CARMEN                08/15/2026       2,809.04
  00145470    CHAUDHRY, CHIARA               11/18/2026        256.33-
  00144448    WHITFIELD, CARMEN              11/25/2026       4,596.99
  00148881    OKAFOR, DIEGO                  07/18/2026       3,434.07
  00148668    ANDERSSON, ESTHER              05/13/2026       3,088.04

  BRANCH TOTALS                                              20,114.75

  REMARKS:
    two items held for review

