BRANCH ACTIVITY REGISTER                                PAGE    1
MIDLAND MUTUAL CREDIT UNION                             RUN 09/16/2026 06:12
========================================================================

BRANCH  90  NORTHGATE

  ACCOUNT     MEMBER NAME              POSTED             AMOUNT
  ----------  ----------------------   ----------   ------------
  00149595    PETROVA, ALICE           28-APR-2026      4,594.89
  00148996    CHAUDHRY, YUKI           23-DEC-2026      (254.62)
  00142362    THORNBURY, CARMEN        19-AUG-2026      1,811.14
  00144736    LINDQVIST, PHILIPPE      14-JUL-2026      2,124.42
  00144439    THORNBURY, PHILIPPE      17-JUN-2026      3,192.77
  00143380    REYES, PHILIPPE          26-FEB-2026      3,816.05
  00147443    THORNBURY, CARMEN        24-FEB-2026      2,358.59

  BRANCH TOTALS                                        17,643.24

  REMARKS:
    two items held for review

BRANCH  90  LAKESIDE

  ACCOUNT     MEMBER NAME              POSTED             AMOUNT
  ----------  ----------------------   ----------   ------------
  00147209    ANDERSSON, BRENDAN       14-NOV-2026      4,405.89
  00148812    NAKAMURA, ESTHER         24-MAY-2026      4,282.12
  00144028    PETROVA, NADIA           27-JUL-2026      2,027.48
  00142104    DELACROIX, LASZLO        25-SEP-2026      4,139.33

  BRANCH TOTALS                                        14,854.82

  REMARKS:
    posted late by operations

BRANCH  97  STONEBRIDGE

  ACCOUNT     MEMBER NAME              POSTED             AMOUNT
  ----------  ----------------------   ----------   ------------
  00140146    OKAFOR, NADIA            14-NOV-2026    (1,024.74)
  00144091    CHAUDHRY, WINIFRED       27-MAY-2026    (3,512.95)
  00141260    KOVACS, YUKI             14-MAR-2026      1,610.59
  00149709    LINDQVIST, PHILIPPE      17-SEP-2026      1,423.20
  00140600    NAKAMURA, CHIARA         26-APR-2026      1,157.51
  00142855    MERCER, CARMEN           16-MAY-2026        257.79
  00145862    REYES, CHIARA            14-MAR-2026    (4,132.59)

  BRANCH TOTALS                                       (4,221.19)

  REMARKS:
    reconciled against the general ledger

