BRANCH ACTIVITY REGISTER                                PAGE    1
MIDLAND MUTUAL CREDIT UNION                             RUN 09/16/2026 06:12
========================================================================

BRANCH  97  STONEBRIDGE

  ACCT NO     MEMBER NAME              POSTED             AMOUNT
  ----------  ----------------------   ----------   ------------
  00144533    SANTOS, PHILIPPE         25-OCT-2026      1,084.47
  00144575    REYES, ESTHER            25-SEP-2026      4,408.83
  00145000    ROSSI, ESTHER            18-JUL-2026       -955.83
  00144458    ANDERSSON, PHILIPPE      24-MAR-2026      3,045.55
  00143390    ROSSI, MARGARET          26-JUL-2026      1,749.05
  00144233    ANDERSSON, BRENDAN       14-SEP-2026      3,410.84

  BRANCH TOTAL                                         12,742.91

BRANCH  60  STONEBRIDGE

  ACCT NO     MEMBER NAME              POSTED             AMOUNT
  ----------  ----------------------   ----------   ------------
  00149623    ABIODUN, CARMEN          27-MAY-2026     -2,226.68
  00140872    KOVACS, FEMI             23-APR-2026        580.59
  00147068    LINDQVIST, GUNNAR        28-JUN-2026      1,542.76
  00149697    ROSSI, MARGARET          27-JUN-2026      1,678.72
  00142096    KOVACS, CHIARA           20-MAR-2026     -4,788.35
  00144021    MERCER, EVA              14-MAR-2026      3,990.70
  00145494    LINDQVIST, ESTHER        27-JUN-2026        952.17
  00149716    PETROVA, CARMEN          22-JUN-2026     -1,674.06

  BRANCH TOTAL                                             55.85

BRANCH  73  STONEBRIDGE

  ACCT NO     MEMBER NAME              POSTED             AMOUNT
  ----------  ----------------------   ----------   ------------
  00147189    SANTOS, EVA              19-SEP-2026      1,322.38
  00146521    ANDERSSON, WINIFRED      21-FEB-2026      2,572.69
  00147112    ROSSI, EVA               23-MAR-2026      2,656.21
  00143459    OKAFOR, PHILIPPE         17-APR-2026        -76.26
  00146506    SANTOS, MARGARET         22-MAR-2026      1,731.02
  00142198    CHAUDHRY, DIEGO          19-MAR-2026     -3,971.77

  BRANCH TOTAL                                          4,234.27

