BRANCH ACTIVITY REGISTER                                PAGE    1
MIDLAND MUTUAL CREDIT UNION                             RUN 09/16/2026 06:12
========================================================================

BRANCH  81  OLD MILL

    ACCT NO     MEMBER NAME              POSTED             AMOUNT
    ----------  ----------------------   ----------   ------------
    00140381    ANDERSSON, CHIARA        07/25/2026      3,298.96-
    00146701    REYES, CHIARA            03/21/2026       1,769.00
    00142528    ABIODUN, WINIFRED        12/27/2026      3,819.29-
    00145438    ROSSI, WINIFRED          01/17/2026       3,404.05
    00143213    CHAUDHRY, FEMI           06/21/2026       1,874.86
    00149239    LINDQVIST, DIEGO         11/13/2026       1,382.70
    00142562    ABIODUN, EVA             10/24/2026         297.46

    BRANCH TOTAL                                          1,609.82

BRANCH  45  HARBOUR

    ACCT NO     MEMBER NAME              POSTED             AMOUNT
    ----------  ----------------------   ----------   ------------
    00140180    ROSSI, WINIFRED          03/14/2026       2,142.14
    00142076    CHAUDHRY, WINIFRED       03/27/2026       3,500.62
    00143508    MERCER, YUKI             10/26/2026       3,275.43
    00149152    KOVACS, FEMI             01/23/2026       1,912.49
    00143264    DELACROIX, CARMEN        05/14/2026         46.54-
    00147171    ROSSI, IRINA             10/20/2026       1,038.07
    00140745    NAKAMURA, CARMEN         12/20/2026       1,778.87
    00141281    KOVACS, YUKI             03/28/2026       3,714.65
    00149358    OKAFOR, YUKI             02/24/2026       2,791.72

    BRANCH TOTAL                                         20,107.45

BRANCH  46  RIVERSIDE

    ACCT NO     MEMBER NAME              POSTED             AMOUNT
    ----------  ----------------------   ----------   ------------
    00148931    PETROVA, IRINA           09/22/2026       4,794.98
    00145388    NAKAMURA, DIEGO          07/26/2026       4,634.36
    00148558    KOVACS, DIEGO            07/15/2026       4,454.68
    00149350    LINDQVIST, LASZLO        10/14/2026         738.46
    00142718    CHAUDHRY, ALICE          05/21/2026       3,771.30

    BRANCH TOTAL                                         18,393.78

BRANCH  54  STONEBRIDGE

    ACCT NO     MEMBER NAME              POSTED             AMOUNT
    ----------  ----------------------   ----------   ------------
    00142995    LINDQVIST, DIEGO         05/26/2026       4,358.88
    00147780    OKAFOR, IRINA            11/14/2026         359.63
    00144980    ABIODUN, CHIARA          12/14/2026        452.72-
    00147164    LINDQVIST, DIEGO         06/21/2026       1,059.22
    00140461    MWANGI, WINIFRED         01/27/2026       2,510.78
    00144658    ANDERSSON, EVA           07/22/2026       4,816.22

    BRANCH TOTAL                                         12,652.01

BRANCH  46  NORTHGATE

    ACCT NO     MEMBER NAME              POSTED             AMOUNT
    ----------  ----------------------   ----------   ------------
    00142413    MWANGI, BRENDAN          04/13/2026      3,676.85-
    00140155    DELACROIX, FEMI          07/20/2026         440.11
    00145901    KOVACS, NADIA            05/25/2026       4,319.48

BRANCH ACTIVITY REGISTER                                PAGE    2
MIDLAND MUTUAL CREDIT UNION                             RUN 09/16/2026 06:12
========================================================================

    00144071    WHITFIELD, LASZLO        04/19/2026       4,017.53
    00143174    DELACROIX, ALICE         07/17/2026       4,550.68

    BRANCH TOTAL                                          9,650.95

BRANCH  98  OLD MILL

    ACCT NO     MEMBER NAME              POSTED             AMOUNT
    ----------  ----------------------   ----------   ------------
    00144703    MERCER, YUKI             05/27/2026       2,576.83
    00145146    MERCER, MARGARET         08/20/2026        641.89-
    00141858    CHAUDHRY, ALICE          06/20/2026      1,216.98-
    00148461    ROSSI, IRINA             07/13/2026       2,807.18
    00147866    LINDQVIST, ALICE         09/23/2026      3,111.83-
    00147384    MERCER, CHIARA           09/13/2026         589.72
    00146403    MWANGI, CARMEN           08/20/2026       1,813.54
    00142252    REYES, ALICE             01/20/2026         457.92
    00145166    ANDERSSON, WINIFRED      05/22/2026       1,224.77

    BRANCH TOTAL                                          4,499.26

BRANCH  53  CEDAR PARK

    ACCT NO     MEMBER NAME              POSTED             AMOUNT
    ----------  ----------------------   ----------   ------------
    00149196    MWANGI, NADIA            11/20/2026       3,786.90
    00143009    PETROVA, CARMEN          08/25/2026       1,014.37
    00144201    PETROVA, WINIFRED        05/13/2026       1,176.66
    00142014    OKAFOR, GUNNAR           11/24/2026       2,353.20
    00149163    CHAUDHRY, EVA            02/16/2026       3,387.86
    00145693    CHAUDHRY, CHIARA         01/19/2026       1,612.35
    00147220    OKAFOR, LASZLO           02/18/2026       4,719.14

    BRANCH TOTAL                                         18,050.48

