BRANCH ACTIVITY REGISTER                                PAGE    1
MIDLAND MUTUAL CREDIT UNION                             RUN 09/16/2026 06:12
========================================================================

BRANCH  17  LAKESIDE

    ACCT NO     MEMBER NAME              POSTED             AMOUNT
    ----------  ----------------------   ----------   ------------
    00149696    DELACROIX, FEMI          02/16/2026       1,701.72
    00141619    CHAUDHRY, CARMEN         05/23/2026       3,914.73
    00140309    CHAUDHRY, ALICE          06/15/2026         322.97
    00146064    NAKAMURA, CARMEN         09/19/2026          92.85
    00140775    ANDERSSON, ESTHER        01/25/2026      3,883.96-
    00145748    MERCER, EVA              02/27/2026      1,586.55-

    BRANCH TOTAL                                            561.76

BRANCH  29  RIVERSIDE

    ACCT NO     MEMBER NAME              POSTED             AMOUNT
    ----------  ----------------------   ----------   ------------
    00144335    REYES, IRINA             01/23/2026       3,304.24
    00149604    DELACROIX, CHIARA        02/28/2026       2,668.47
    00145528    REYES, FEMI              05/20/2026       2,127.52
    00145496    LINDQVIST, IRINA         12/19/2026       3,980.74
    00140663    ABIODUN, ESTHER          12/24/2026       2,262.46

    BRANCH TOTAL                                         14,343.43

BRANCH  82  WESTFIELD

    ACCT NO     MEMBER NAME              POSTED             AMOUNT
    ----------  ----------------------   ----------   ------------
    00142230    PETROVA, CHIARA          07/24/2026       2,104.61
    00141297    DELACROIX, FEMI          12/13/2026       1,047.65
    00145432    KOVACS, BRENDAN          07/14/2026         338.56
    00148503    SANTOS, IRINA            11/15/2026       2,441.82
    00146697    KOVACS, LASZLO           11/26/2026        239.88-
    00142440    WHITFIELD, IRINA         02/26/2026        688.40-
    00143880    WHITFIELD, MARGARET      08/14/2026       3,938.37
    00146408    NAKAMURA, CARMEN         07/24/2026       3,620.38
    00142266    NAKAMURA, ESTHER         02/19/2026      1,516.70-

    BRANCH TOTAL                                         11,046.41

BRANCH  44  HARBOUR

    ACCT NO     MEMBER NAME              POSTED             AMOUNT
    ----------  ----------------------   ----------   ------------
    00146334    SANTOS, CARMEN           03/14/2026       4,333.72
    00148399    THORNBURY, PHILIPPE      05/15/2026       1,929.21
    00143363    CHAUDHRY, WINIFRED       06/16/2026       2,705.32
    00147516    OKAFOR, LASZLO           02/26/2026       1,783.25
    00143973    KOVACS, YUKI             03/23/2026         591.60
    00144279    THORNBURY, FEMI          03/21/2026        695.54-
    00144378    PETROVA, GUNNAR          11/22/2026       3,085.00
    00144387    CHAUDHRY, CHIARA         11/14/2026       2,243.90
    00142469    OKAFOR, BRENDAN          08/17/2026       2,557.15

    BRANCH TOTAL                                         18,533.61

