BRANCH ACTIVITY REGISTER                                PAGE    1
MIDLAND MUTUAL CREDIT UNION                             RUN 09/16/2026 06:12
========================================================================

BRANCH  15  STONEBRIDGE

    ACCT NO     MEMBER NAME              POSTED             AMOUNT
    ----------  ----------------------   ----------   ------------
    00141886    SANTOS, GUNNAR           10/18/2026       2,155.54
    00142146    OKAFOR, LASZLO           04/16/2026       3,671.50
    00146894    MERCER, EVA              09/26/2026       4,186.95
    00146105    PETROVA, ESTHER          12/19/2026       4,527.54
    00143074    PETROVA, WINIFRED        12/25/2026       1,493.61
    00141320    WHITFIELD, GUNNAR        02/21/2026       2,139.89

    BRANCH TOTAL                                         18,175.03

BRANCH  94  HARBOUR

    ACCT NO     MEMBER NAME              POSTED             AMOUNT
    ----------  ----------------------   ----------   ------------
    00149131    SANTOS, FEMI             01/22/2026       4,183.51
    00145137    ROSSI, IRINA             03/16/2026         340.31
    00148970    ANDERSSON, NADIA         08/20/2026       2,642.27
    00147644    NAKAMURA, DIEGO          03/26/2026     (1,733.15)
    00147180    LINDQVIST, MARGARET      07/14/2026       3,786.53
    00149587    THORNBURY, CARMEN        12/26/2026       4,281.34
    00149141    THORNBURY, PHILIPPE      07/25/2026     (2,526.26)
    00144172    KOVACS, PHILIPPE         10/19/2026       (362.46)
    00148899    NAKAMURA, LASZLO         08/27/2026       3,120.74

    BRANCH TOTAL                                         13,732.83

BRANCH  57  CEDAR PARK

    ACCT NO     MEMBER NAME              POSTED             AMOUNT
    ----------  ----------------------   ----------   ------------
    00146943    MWANGI, FEMI             09/19/2026       2,182.70
    00144467    DELACROIX, ALICE         11/15/2026       2,559.56
    00141105    KOVACS, GUNNAR           07/17/2026         286.11
    00145876    CHAUDHRY, CHIARA         05/25/2026       (757.96)
    00144533    WHITFIELD, PHILIPPE      12/23/2026       1,285.90
    00145687    MWANGI, NADIA            12/18/2026       1,529.72
    00147322    REYES, NADIA             04/27/2026     (4,143.19)
    00148547    THORNBURY, LASZLO        09/21/2026       2,749.90

    BRANCH TOTAL                                          5,692.74

BRANCH  87  WESTFIELD

    ACCT NO     MEMBER NAME              POSTED             AMOUNT
    ----------  ----------------------   ----------   ------------
    00143396    PETROVA, CARMEN          12/13/2026       2,406.77
    00140783    SANTOS, NADIA            06/22/2026       1,797.87
    00143347    REYES, ALICE             07/18/2026         168.09
    00147197    OKAFOR, CARMEN           10/18/2026     (4,423.88)
    00144715    OKAFOR, ESTHER           08/26/2026       3,659.61
    00144740    WHITFIELD, CHIARA        06/20/2026       2,495.06

    BRANCH TOTAL                                          6,103.52

