BRANCH ACTIVITY REGISTER                                PAGE    1
MIDLAND MUTUAL CREDIT UNION                             RUN 09/16/2026 06:12
========================================================================

BRANCH  97  STONEBRIDGE

    ACCT NO     MEMBER NAME              POSTED             AMOUNT
    ----------  ----------------------   ----------   ------------
    00141912    LINDQVIST, PHILIPPE      07/13/2026       2,634.47
    00144123    CHAUDHRY, YUKI           02/26/2026       4,521.63
    00146321    ABIODUN, IRINA           07/18/2026     (1,114.48)
    00144084    THORNBURY, GUNNAR        09/28/2026       1,989.52
    00141536    ANDERSSON, YUKI          01/25/2026         913.88

    BRANCH TOTAL                                          8,945.02

BRANCH  62  CEDAR PARK

    ACCT NO     MEMBER NAME              POSTED             AMOUNT
    ----------  ----------------------   ----------   ------------
    00149193    WHITFIELD, GUNNAR        01/27/2026     (4,008.59)
    00141058    MWANGI, LASZLO           11/26/2026       2,858.09
    00146356    THORNBURY, FEMI          07/16/2026         950.78
    00141478    OKAFOR, WINIFRED         03/25/2026       3,406.87
    00149102    ROSSI, IRINA             04/26/2026       1,730.58
    00140901    KOVACS, CHIARA           07/27/2026       2,459.85
    00142649    ANDERSSON, DIEGO         04/15/2026       1,038.42
    00146735    THORNBURY, WINIFRED      11/21/2026         886.08
    00147230    NAKAMURA, CHIARA         12/26/2026       3,104.31

    BRANCH TOTAL                                         12,426.39

BRANCH  76  OLD MILL

    ACCT NO     MEMBER NAME              POSTED             AMOUNT
    ----------  ----------------------   ----------   ------------
    00143026    MERCER, BRENDAN          11/24/2026       3,253.44
    00143677    KOVACS, FEMI             07/27/2026       3,332.88
    00149438    LINDQVIST, ALICE         12/25/2026       3,716.44
    00145608    PETROVA, LASZLO          01/25/2026     (2,930.77)

    BRANCH TOTAL                                          7,371.99

BRANCH  98  RIVERSIDE

    ACCT NO     MEMBER NAME              POSTED             AMOUNT
    ----------  ----------------------   ----------   ------------
    00141093    THORNBURY, PHILIPPE      08/26/2026       3,860.81
    00140749    CHAUDHRY, DIEGO          03/27/2026       2,133.93
    00140899    ROSSI, LASZLO            10/21/2026       2,599.92
    00147868    PETROVA, CHIARA          01/13/2026         775.01
    00149202    THORNBURY, PHILIPPE      12/16/2026         480.57
    00141300    REYES, CHIARA            11/13/2026       3,638.81
    00143437    KOVACS, NADIA            11/26/2026         602.95

    BRANCH TOTAL                                         14,092.00

BRANCH  31  WESTFIELD

    ACCT NO     MEMBER NAME              POSTED             AMOUNT
    ----------  ----------------------   ----------   ------------
    00149629    MWANGI, CARMEN           02/17/2026       3,958.08
    00144658    PETROVA, NADIA           07/27/2026       3,381.69
    00141982    CHAUDHRY, ALICE          04/16/2026       2,074.19
    00147895    DELACROIX, ALICE         05/26/2026       2,155.88
    00142607    THORNBURY, CARMEN        05/22/2026       3,413.59
BRANCH ACTIVITY REGISTER                                PAGE    2
MIDLAND MUTUAL CREDIT UNION                             RUN 09/16/2026 06:12
========================================================================

    00140801    THORNBURY, FEMI          06/18/2026     (4,104.06)
    00140066    SANTOS, WINIFRED         10/27/2026       (160.60)
    00149200    NAKAMURA, ALICE          08/20/2026       4,508.98

    BRANCH TOTAL                                         15,227.75

