BRANCH ACTIVITY REGISTER                                PAGE    1
MIDLAND MUTUAL CREDIT UNION                             RUN 09/16/2026 06:12
========================================================================

BRANCH  79  NORTHGATE

    ACCT        MEMBER NAME              POSTED             AMOUNT
    ----------  ----------------------   ----------   ------------
    00140656    NAKAMURA, YUKI           21-APR-2026        342.68
    00149795    ROSSI, DIEGO             16-NOV-2026      1,008.11
    00148817    MERCER, PHILIPPE         22-JUN-2026      3,498.74
    00147610    KOVACS, GUNNAR           26-JAN-2026      1,073.38
    00148552    LINDQVIST, ESTHER        17-NOV-2026     -3,498.20
    00143970    ROSSI, CARMEN            28-OCT-2026        872.49

    BRANCH TOTAL                                          3,297.20

    REMARKS:
      two items held for review

BRANCH  63  STONEBRIDGE

    ACCT        MEMBER NAME              POSTED             AMOUNT
    ----------  ----------------------   ----------   ------------
    00144950    PETROVA, FEMI            19-OCT-2026      1,955.74
    00143993    REYES, ALICE             19-FEB-2026      2,462.51
    00148068    THORNBURY, YUKI          23-JUL-2026      4,453.16
    00146622    SANTOS, NADIA            13-SEP-2026      2,831.45
    00145829    CHAUDHRY, NADIA          15-NOV-2026      4,200.33
    00144547    PETROVA, LASZLO          20-JUN-2026        318.01
    00142063    MERCER, LASZLO           15-NOV-2026      4,126.51

    BRANCH TOTAL                                         20,347.71

    REMARKS:
      posted late by operations

