BRANCH ACTIVITY REGISTER                                PAGE    1
MIDLAND MUTUAL CREDIT UNION                             RUN 09/16/2026 06:12
========================================================================

BRANCH  48  HARBOUR

    ACCT        MEMBER NAME              POSTED             AMOUNT
    ----------  ----------------------   ----------   ------------
    00141794    LINDQVIST, BRENDAN       22-MAR-2026      1,782.80
    00144877    OKAFOR, YUKI             26-DEC-2026        64.98-
    00142821    ROSSI, EVA               17-JUN-2026      2,717.59
    00141264    MERCER, ALICE            17-MAY-2026      4,487.66
    00143983    WHITFIELD, BRENDAN       15-APR-2026      3,435.08
    00149748    PETROVA, YUKI            23-JUL-2026      4,682.82

    BRANCH TOTAL                                         17,040.97

    REMARKS:
      branch closed early for maintenance

BRANCH  23  CEDAR PARK

    ACCT        MEMBER NAME              POSTED             AMOUNT
    ----------  ----------------------   ----------   ------------
    00140562    CHAUDHRY, EVA            22-JUN-2026      3,161.39
    00145916    ABIODUN, CARMEN          15-MAR-2026      3,485.42
    00141877    ABIODUN, BRENDAN         28-MAR-2026      3,329.28
    00146595    ROSSI, GUNNAR            18-SEP-2026      1,850.52

    BRANCH TOTAL                                         11,826.61

    REMARKS:
      branch closed early for maintenance

