BRANCH ACTIVITY REGISTER                                PAGE    1
MIDLAND MUTUAL CREDIT UNION                             RUN 09/16/2026 06:12
========================================================================

BRANCH  47  LAKESIDE

      ACCT        MEMBER NAME              POSTED             AMOUNT
      ----------  ----------------------   ----------   ------------
      00140606    ANDERSSON, GUNNAR        09/21/2026     (2,694.04)
      00149275    ANDERSSON, ESTHER        12/25/2026       1,970.67
      00142914    SANTOS, ESTHER           12/18/2026       2,291.00
      00144331    ABIODUN, MARGARET        04/27/2026       (437.06)
      00143121    MERCER, DIEGO            10/24/2026     (2,678.73)
      00148523    PETROVA, IRINA           11/20/2026       2,079.42

      TOTAL FOR BRANCH                                        531.26

      REMARKS:
        branch closed early for maintenance

BRANCH  33  RIVERSIDE

      ACCT        MEMBER NAME              POSTED             AMOUNT
      ----------  ----------------------   ----------   ------------
      00146600    KOVACS, IRINA            03/21/2026       (132.72)
      00145780    CHAUDHRY, WINIFRED       03/23/2026     (3,491.05)
      00143418    MWANGI, MARGARET         05/16/2026       2,417.47
      00144680    SANTOS, ESTHER           12/24/2026       2,345.29
      00144882    MWANGI, MARGARET         04/14/2026     (3,606.04)
      00147867    OKAFOR, FEMI             09/17/2026       (105.79)
      00149834    ROSSI, NADIA             07/21/2026         977.26
      00145983    LINDQVIST, IRINA         02/28/2026       4,690.73
      00142998    ROSSI, NADIA             11/20/2026         959.38

      TOTAL FOR BRANCH                                      4,054.53

      REMARKS:
        posted late by operations

BRANCH  15  NORTHGATE

      ACCT        MEMBER NAME              POSTED             AMOUNT
      ----------  ----------------------   ----------   ------------
      00146073    MWANGI, ESTHER           06/26/2026       1,182.46
      00141579    ABIODUN, GUNNAR          02/14/2026       3,555.62
      00143822    CHAUDHRY, DIEGO          01/27/2026       1,134.33
      00147178    NAKAMURA, GUNNAR         03/19/2026       2,887.08
      00145032    DELACROIX, CHIARA        01/24/2026       4,355.67
      00143244    OKAFOR, IRINA            03/19/2026     (3,543.26)
      00149060    MERCER, FEMI             03/20/2026       3,090.93

BRANCH ACTIVITY REGISTER                                PAGE    2
MIDLAND MUTUAL CREDIT UNION                             RUN 09/16/2026 06:12
========================================================================


      TOTAL FOR BRANCH                                     12,662.83

      REMARKS:
        reconciled against the general ledger

