BRANCH ACTIVITY REGISTER                                PAGE    1
MIDLAND MUTUAL CREDIT UNION                             RUN 09/16/2026 06:12
========================================================================

BRANCH  65  CEDAR PARK

      ACCOUNT     MEMBER NAME                    POSTED             AMOUNT
      ----------  ----------------------------   ----------   ------------
      00146359    SANTOS, YUKI                   19-MAR-2026      4,434.61
      00142378    ABIODUN, YUKI                  22-FEB-2026     3,654.63-
      00148608    CHAUDHRY, CARMEN               25-JUL-2026      2,281.90
      00145999    ANDERSSON, BRENDAN             26-MAR-2026      2,032.41

      TOTAL FOR BRANCH                                            5,094.29

BRANCH  95  CEDAR PARK

      ACCOUNT     MEMBER NAME                    POSTED             AMOUNT
      ----------  ----------------------------   ----------   ------------
      00146983    THORNBURY, FEMI                24-AUG-2026      1,423.13
      00141141    THORNBURY, DIEGO               25-DEC-2026      1,404.63
      00149195    REYES, EVA                     13-MAY-2026      3,352.16
      00140814    NAKAMURA, PHILIPPE             23-JUN-2026      4,530.95
      00143334    DELACROIX, DIEGO               17-AUG-2026      2,055.54
      00144977    ROSSI, GUNNAR                  19-MAR-2026      4,307.44
      00148911    KOVACS, BRENDAN                28-JUN-2026      4,786.76
      00143761    PETROVA, DIEGO                 15-MAR-2026     4,319.66-

      TOTAL FOR BRANCH                                           17,540.95

BRANCH  38  LAKESIDE

      ACCOUNT     MEMBER NAME                    POSTED             AMOUNT
      ----------  ----------------------------   ----------   ------------
      00141411    CHAUDHRY, BRENDAN              21-JUN-2026      2,105.06
      00143365    KOVACS, GUNNAR                 21-NOV-2026      4,126.80
      00145860    KOVACS, CHIARA                 28-MAR-2026      4,324.90
      00145119    ABIODUN, DIEGO                 23-MAY-2026      2,141.14
      00148047    THORNBURY, PHILIPPE            17-JAN-2026      2,062.48
      00147099    ANDERSSON, LASZLO              20-MAR-2026      3,444.78
      00142122    MWANGI, WINIFRED               19-FEB-2026     3,039.27-
      00144193    LINDQVIST, CARMEN              25-MAR-2026      1,835.35
      00142478    SANTOS, GUNNAR                 25-AUG-2026       115.32-

      TOTAL FOR BRANCH                                           16,885.92

