BRANCH ACTIVITY REGISTER                                PAGE    1
MIDLAND MUTUAL CREDIT UNION                             RUN 09/16/2026 06:12
========================================================================

BRANCH  23  OLD MILL

      ACCOUNT     MEMBER NAME                    POSTED             AMOUNT
      ----------  ----------------------------   ----------   ------------
      00144132    SANTOS, NADIA                  15-JUN-2026      2,281.67
      00143191    CHAUDHRY, IRINA                24-FEB-2026     2,170.05-
      00147841    PETROVA, BRENDAN               19-MAY-2026      2,748.97
      00147242    MERCER, NADIA                  14-JUL-2026      4,741.84
      00146377    REYES, DIEGO                   28-AUG-2026      2,791.79

      TOTAL FOR BRANCH                                           10,394.22

BRANCH  34  NORTHGATE

      ACCOUNT     MEMBER NAME                    POSTED             AMOUNT
      ----------  ----------------------------   ----------   ------------
      00147754    CHAUDHRY, CHIARA               28-JUN-2026      4,595.61
      00149431    NAKAMURA, NADIA                14-FEB-2026      1,913.84
      00149358    ANDERSSON, CARMEN              18-MAR-2026      4,441.53
      00149716    SANTOS, MARGARET               20-SEP-2026      2,246.38
      00145446    PETROVA, MARGARET              22-JAN-2026      3,910.45
      00147406    LINDQVIST, EVA                 13-JUL-2026      3,148.50
      00149779    KOVACS, LASZLO                 27-NOV-2026      3,021.06
      00143870    ROSSI, DIEGO                   19-OCT-2026      4,624.15

      TOTAL FOR BRANCH                                           27,901.52

BRANCH  24  OLD MILL

      ACCOUNT     MEMBER NAME                    POSTED             AMOUNT
      ----------  ----------------------------   ----------   ------------
      00148189    WHITFIELD, PHILIPPE            15-FEB-2026      1,733.13
      00149765    ANDERSSON, IRINA               26-DEC-2026        655.36
      00146620    ANDERSSON, BRENDAN             25-JUL-2026       751.77-
      00145774    THORNBURY, MARGARET            16-FEB-2026      1,223.16

      TOTAL FOR BRANCH                                            2,859.88

BRANCH  38  STONEBRIDGE

      ACCOUNT     MEMBER NAME                    POSTED             AMOUNT
      ----------  ----------------------------   ----------   ------------
      00149985    ANDERSSON, LASZLO              18-NOV-2026     2,053.83-
      00144536    THORNBURY, PHILIPPE            17-JUL-2026      1,115.27
      00143786    MERCER, YUKI                   26-NOV-2026      4,729.53
      00148497    ANDERSSON, FEMI                14-JAN-2026     2,990.75-

BRANCH ACTIVITY REGISTER                                PAGE    2
MIDLAND MUTUAL CREDIT UNION                             RUN 09/16/2026 06:12
========================================================================

      00147653    CHAUDHRY, CARMEN               17-JAN-2026      3,222.00
      00149767    WHITFIELD, FEMI                14-JAN-2026     1,584.61-
      00144234    ROSSI, ESTHER                  18-MAR-2026     4,049.58-

      TOTAL FOR BRANCH                                           1,611.97-

