BRANCH ACTIVITY REGISTER                                PAGE    1
MIDLAND MUTUAL CREDIT UNION                             RUN 09/16/2026 06:12
========================================================================

BRANCH  67  NORTHGATE

      ACCOUNT     MEMBER NAME                    POSTED             AMOUNT
      ----------  ----------------------------   ----------   ------------
      00140273    DELACROIX, CHIARA              19-JUN-2026      4,013.79
      00141072    SANTOS, LASZLO                 20-APR-2026        737.54
      00144297    ABIODUN, BRENDAN               21-DEC-2026      2,950.10
      00140269    PETROVA, ESTHER                27-DEC-2026      4,251.97
      00140860    SANTOS, NADIA                  24-NOV-2026    (2,168.03)
      00147884    CHAUDHRY, IRINA                20-DEC-2026      3,215.19
      00144788    MERCER, WINIFRED               28-OCT-2026      1,966.61
      00147836    LINDQVIST, WINIFRED            25-FEB-2026      1,624.38
      00143503    LINDQVIST, CHIARA              19-APR-2026    (1,469.84)

      TOTAL FOR BRANCH                                           15,121.71

BRANCH  67  HARBOUR

      ACCOUNT     MEMBER NAME                    POSTED             AMOUNT
      ----------  ----------------------------   ----------   ------------
      00149055    OKAFOR, YUKI                   19-DEC-2026      3,076.60
      00145789    ROSSI, IRINA                   27-MAR-2026    (1,538.83)
      00141453    PETROVA, YUKI                  16-APR-2026      2,297.49
      00147657    NAKAMURA, PHILIPPE             26-JAN-2026      1,246.46
      00146535    WHITFIELD, PHILIPPE            20-MAR-2026      3,688.37
      00146352    ANDERSSON, IRINA               24-OCT-2026      3,261.30
      00148264    NAKAMURA, MARGARET             25-MAR-2026         43.05

      TOTAL FOR BRANCH                                           12,074.44

BRANCH  58  CEDAR PARK

      ACCOUNT     MEMBER NAME                    POSTED             AMOUNT
      ----------  ----------------------------   ----------   ------------
      00148750    OKAFOR, DIEGO                  21-FEB-2026        990.50
      00140515    ROSSI, LASZLO                  28-MAY-2026      4,086.17
      00144943    OKAFOR, GUNNAR                 26-AUG-2026      1,323.07
      00140983    DELACROIX, ALICE               21-AUG-2026      4,739.84
      00144062    PETROVA, MARGARET              23-FEB-2026      2,243.95
      00143475    KOVACS, EVA                    23-SEP-2026      1,220.84
      00142201    MWANGI, CARMEN                 28-AUG-2026      2,076.15
      00146895    REYES, DIEGO                   16-MAR-2026      4,078.24
      00140168    NAKAMURA, CARMEN               15-AUG-2026      2,427.70

      TOTAL FOR BRANCH                                           23,186.46

