CONSOLIDATED DELINQUENCY REGISTER             RUN 03/04/2026      PAGE 1
FIRST TERRITORIAL CREDIT UNION

REGION: SOUTHEAST                     REGION CODE: SE-04

  BRANCH 142  RIVERSIDE
  OFFICER
  T. OKONKWO
  ------------------------------------------------------------------------------
    ACCOUNT        MEMBER                     OPENED      BALANCE   DAYS
    0017447348     SMITH, JOHN Q              07/12/2021    24,368.82     44
    0017921191     GARCIA, MARIA              04/03/2019    20,555.28     86
    ------------------------------------------------------------------------------
                                                        44,924.10
                                                    =============
                                                    BRANCH TOTAL

    NOTES ............................................. SEE SCHEDULE B
    REMARKS:
      Member contacted; promised payment.

  BRANCH 149  NORTHGATE
  OFFICER
  R. BELLBOWL
  ------------------------------------------------------------------------------
    ACCOUNT        MEMBER                     OPENED      BALANCE   DAYS
    0012009906     LINDQVIST, INES            10/05/2022    30,440.72    104
    0012133143     AHMED, COLE                10/04/2024    18,254.51    128
    ------------------------------------------------------------------------------
                                                        48,695.23
                                                    =============
                                                    BRANCH TOTAL

    NOTES ............................................. SEE SCHEDULE B
    REMARKS:

      Member contacted; promised payment.

                                                        93,619.33
                                                    =============
                                                    REGION TOTAL

REGION: NORTHWEST                     REGION CODE: SE-07

  BRANCH 172  STONEBRIDGE
  OFFICER
  A. LINDQVIST
  ------------------------------------------------------------------------------
    ACCOUNT        MEMBER                     OPENED      BALANCE   DAYS
    0016958899     OBRIEN, ADA                03/11/2021    18,882.88    134
    0019836074     SMITH, JOHN Q              23/04/2019     3,152.27    134
    ------------------------------------------------------------------------------
                                                        22,035.15
                                                    =============
                                                    BRANCH TOTAL

    NOTES ............................................. SEE SCHEDULE B
    REMARKS:

      Skip trace initiated.
CONSOLIDATED DELINQUENCY REGISTER             RUN 03/04/2026      PAGE 2
FIRST TERRITORIAL CREDIT UNION


  BRANCH 179  FAIRMONT
  OFFICER
  M. VASQUEZ
  ------------------------------------------------------------------------------
    ACCOUNT        MEMBER                     OPENED      BALANCE   DAYS
    0019179208     OKONKWO, TOMAS             22/06/2022    17,845.97    147
    0017685922     LINDQVIST, INES            16/12/2020    26,817.09     73
    0017551862     AHMED, COLE                21/05/2019     8,503.30    130
    ------------------------------------------------------------------------------
                                                        53,166.36
                                                    =============
                                                    BRANCH TOTAL

    NOTES ............................................. SEE SCHEDULE B
    REMARKS:


      Skip trace initiated.

                                                        75,201.51
                                                    =============
                                                    REGION TOTAL

==============================================================================
                                                       168,820.84
                                                     GRAND TOTAL
