CONSOLIDATED DELINQUENCY REGISTER             RUN 03/04/2026      PAGE 1
FIRST TERRITORIAL CREDIT UNION

REGION: SOUTHEAST                     REGION CODE: SE-04

  BRANCH 142  RIVERSIDE
  OFFICER
  T. OKONKWO
  ------------------------------------------------------------------------------
    CURRENT CYCLE
    ACCOUNT        MEMBER                     OPENED      BALANCE   DAYS
    0017447348     SMITH, JOHN Q              07/12/2021    24,368.82     44
                   COLLATERAL: 2019 FORD F-150 VIN 1FTEW1E5XKKE81191
    0015615407     GARCIA, MARIA              23/06/2022    36,868.53     44

    PRIOR CYCLE
    ACCOUNT        MEMBER                     OPENED      BALANCE   DAYS
    0012009906     SMITH, JOHN Q              10/05/2022    30,440.72    104
                   COLLATERAL: 2019 FORD F-150 VIN 1FTEW1E5XKKE53143
    0015646533     GARCIA, MARIA              08/11/2019   (1,497.35)     87
    ------------------------------------------------------------------------------
                                                        90,180.72
                                                    =============
                                                    BRANCH TOTAL

    NOTES ............................................. SEE SCHEDULE B
    REMARKS:
      Member contacted; promised payment.

  BRANCH 149  NORTHGATE
  OFFICER
  R. BELLBOWL
  ------------------------------------------------------------------------------
    CURRENT CYCLE
    ACCOUNT        MEMBER                     OPENED      BALANCE   DAYS
    0018887310     LINDQVIST, INES            23/08/2022    15,876.05     68
                   COLLATERAL: 2019 FORD F-150 VIN 1FTEW1E5XKKE75110
    0013332795     AHMED, COLE                26/08/2021    27,594.95    115

    PRIOR CYCLE
    ACCOUNT        MEMBER                     OPENED      BALANCE   DAYS
    0016986065     LINDQVIST, INES            18/05/2018       654.15    139
                   COLLATERAL: 2019 FORD F-150 VIN 1FTEW1E5XKKE57135
    ------------------------------------------------------------------------------
                                                        44,125.15
                                                    =============
                                                    BRANCH TOTAL

    NOTES ............................................. SEE SCHEDULE B
    REMARKS:

      Referred to collections.

                                                       134,305.87
                                                    =============
                                                    REGION TOTAL

REGION: NORTHWEST                     REGION CODE: SE-07

  BRANCH 172  STONEBRIDGE
CONSOLIDATED DELINQUENCY REGISTER             RUN 03/04/2026      PAGE 2
FIRST TERRITORIAL CREDIT UNION

  OFFICER
  A. LINDQVIST
  ------------------------------------------------------------------------------
    CURRENT CYCLE
    ACCOUNT        MEMBER                     OPENED      BALANCE   DAYS
    0012252609     OBRIEN, ADA                14/06/2022     4,833.12     97
                   COLLATERAL: 2019 FORD F-150 VIN 1FTEW1E5XKKE86002

    PRIOR CYCLE
    ACCOUNT        MEMBER                     OPENED      BALANCE   DAYS
    0013293175     OBRIEN, ADA                02/02/2020    23,807.75    140
                   COLLATERAL: 2019 FORD F-150 VIN 1FTEW1E5XKKE12177
    ------------------------------------------------------------------------------
                                                        28,640.87
                                                    =============
                                                    BRANCH TOTAL

    NOTES ............................................. SEE SCHEDULE B
    REMARKS:

      Referred to collections.

  BRANCH 179  FAIRMONT
  OFFICER
  M. VASQUEZ
  ------------------------------------------------------------------------------
    CURRENT CYCLE
    ACCOUNT        MEMBER                     OPENED      BALANCE   DAYS
    0012116202     OKONKWO, TOMAS             24/06/2021    36,836.79     81
                   COLLATERAL: 2019 FORD F-150 VIN 1FTEW1E5XKKE23107
    0019061174     LINDQVIST, INES            10/06/2024    25,128.30    106

    PRIOR CYCLE
    ACCOUNT        MEMBER                     OPENED      BALANCE   DAYS
    0012309996     OKONKWO, TOMAS             06/02/2019    11,777.30     88
                   COLLATERAL: 2019 FORD F-150 VIN 1FTEW1E5XKKE32808
    ------------------------------------------------------------------------------
                                                        73,742.39
                                                    =============
                                                    BRANCH TOTAL

    NOTES ............................................. SEE SCHEDULE B
    REMARKS:


      Referred to collections.

                                                       102,383.26
                                                    =============
                                                    REGION TOTAL

==============================================================================
                                                       236,689.13
                                                     GRAND TOTAL
