TELLER SESSION JOURNAL                                  PAGE    1
MIDLAND MUTUAL CREDIT UNION                             RUN 09/17/2026 07:40
========================================================================

TELLER  95  DRAWER 4

  SEQ   TRAN   ACCOUNT               AMOUNT        BALANCE
  ----  -----  ------------    ------------  -------------
     1  WDL    00144632              715.96       6,225.37
     2  DEP    00146863               35.75       6,261.12
     3  LOAN   00146685            3,446.28       9,707.40
     4  CHK    00144730            4,076.47      13,783.87

  TELLER TOTAL                     8,274.46

  OVERRIDE:
    signature verified by second officer

TELLER  85  DRAWER 2

  SEQ   TRAN   ACCOUNT               AMOUNT        BALANCE
  ----  -----  ------------    ------------  -------------
     1  XFR    00146492            3,149.72       8,474.42
     2  WDL    00145446            3,825.99      12,300.41
     3  DEP    00141119            3,811.79      16,112.20
     4  DEP    00145794           -4,813.21      11,298.99
     5  WDL    00142869            2,662.26      13,961.25
     6  DEP    00146796           -1,402.57      12,558.68
     7  CHK    00146503            1,152.81      13,711.49
     8  CHK    00142754             -112.09      13,599.40
     9  LOAN   00145045             -922.84      12,676.56

  TELLER TOTAL                     7,351.86

  OVERRIDE:
    cash drawer recount agreed

TELLER  61  DRAWER 2

  SEQ   TRAN   ACCOUNT               AMOUNT        BALANCE
  ----  -----  ------------    ------------  -------------
     1  LOAN   00148475           -3,592.67       5,246.58
     2  WDL    00148933            2,968.35       8,214.93
     3  XFR    00144372            3,031.83      11,246.76
     4  DEP    00141560            2,268.32      13,515.08
     5  DEP    00141643           -3,537.12       9,977.96
     6  WDL    00146708            2,201.18      12,179.14
     7  CHK    00142879            4,421.19      16,600.33
     8  CHK    00143180           -1,495.48      15,104.85
     9  DEP    00146777              774.39      15,879.24

TELLER SESSION JOURNAL                                  PAGE    2
MIDLAND MUTUAL CREDIT UNION                             RUN 09/17/2026 07:40
========================================================================


  TELLER TOTAL                     7,039.99

  OVERRIDE:
    cash drawer recount agreed

TELLER  37  DRAWER 3

  SEQ   TRAN   ACCOUNT               AMOUNT        BALANCE
  ----  -----  ------------    ------------  -------------
     1  XFR    00142411            2,276.53      11,104.72
     2  WDL    00144100            1,813.73      12,918.45
     3  CHK    00146465            2,607.00      15,525.45
     4  WDL    00142021               81.89      15,607.34
     5  WDL    00141968           -1,333.79      14,273.55

  TELLER TOTAL                     5,445.36

  OVERRIDE:
    cash drawer recount agreed

TELLER  63  DRAWER 4

  SEQ   TRAN   ACCOUNT               AMOUNT        BALANCE
  ----  -----  ------------    ------------  -------------
     1  LOAN   00144737            3,721.63      11,512.27
     2  CHK    00145262            2,298.03      13,810.30
     3  XFR    00149171              700.28      14,510.58
     4  LOAN   00145621            4,317.46      18,828.04
     5  DEP    00142645           -3,926.00      14,902.04
     6  DEP    00143423           -4,639.80      10,262.24

  TELLER TOTAL                     2,471.60

  OVERRIDE:
    signature verified by second officer

