TELLER SESSION JOURNAL                                  PAGE    1
MIDLAND MUTUAL CREDIT UNION                             RUN 09/17/2026 07:40
========================================================================

TELLER  56  DRAWER 6

  SEQ   TRAN   ACCT NO               AMOUNT        BALANCE
  ----  -----  ------------    ------------  -------------
     1  CHK    00145443            2,550.90       7,282.40
     2  CHK    00142594           1,078.14-       6,204.26
     3  WDL    00143604           4,657.32-       1,546.94
     4  WDL    00145523            4,036.87       5,583.81
     5  CHK    00149397            4,819.08      10,402.89
     6  WDL    00143344            1,081.79      11,484.68
     7  XFR    00148385              781.75      12,266.43
     8  CHK    00148624            3,932.62      16,199.05
     9  DEP    00142261            3,735.94      19,934.99

  TELLER TOTAL                    15,203.49

TELLER  65  DRAWER 6

  SEQ   TRAN   ACCT NO               AMOUNT        BALANCE
  ----  -----  ------------    ------------  -------------
     1  LOAN   00148747            3,606.55      12,810.56
     2  DEP    00140833              465.57      13,276.13
     3  DEP    00149760            3,061.56      16,337.69
     4  CHK    00147331            1,992.99      18,330.68
     5  DEP    00143960            2,694.47      21,025.15
     6  DEP    00141011            1,910.45      22,935.60
     7  DEP    00144562            1,759.33      24,694.93
     8  XFR    00149213            3,213.26      27,908.19

  TELLER TOTAL                    18,704.18

TELLER  32  DRAWER 6

  SEQ   TRAN   ACCT NO               AMOUNT        BALANCE
  ----  -----  ------------    ------------  -------------
     1  DEP    00149603           1,173.18-       5,487.10
     2  CHK    00144196              656.25       6,143.35
     3  CHK    00147544           1,498.42-       4,644.93
     4  WDL    00147336           3,947.26-         697.67
     5  XFR    00142421            1,500.82       2,198.49

  TELLER TOTAL                    4,461.79-

TELLER  25  DRAWER 2

  SEQ   TRAN   ACCT NO               AMOUNT        BALANCE

TELLER SESSION JOURNAL                                  PAGE    2
MIDLAND MUTUAL CREDIT UNION                             RUN 09/17/2026 07:40
========================================================================

  ----  -----  ------------    ------------  -------------
     1  DEP    00148376            3,390.45       9,156.50
     2  DEP    00142833           3,191.61-       5,964.89
     3  CHK    00149650            3,136.68       9,101.57
     4  DEP    00145501            1,372.19      10,473.76
     5  WDL    00146138              282.81      10,756.57
     6  CHK    00141646            3,779.16      14,535.73
     7  WDL    00147240            4,574.36      19,110.09
     8  WDL    00147638            1,355.28      20,465.37

  TELLER TOTAL                    14,699.32

TELLER  20  DRAWER 5

  SEQ   TRAN   ACCT NO               AMOUNT        BALANCE
  ----  -----  ------------    ------------  -------------
     1  CHK    00147858            1,754.57       8,991.24
     2  DEP    00143567              214.04       9,205.28
     3  DEP    00140894           3,375.51-       5,829.77
     4  XFR    00145398           1,267.39-       4,562.38
     5  CHK    00142653            1,511.15       6,073.53
     6  WDL    00147460            3,591.45       9,664.98
     7  XFR    00147443              593.32      10,258.30
     8  LOAN   00142189           3,604.98-       6,653.32

  TELLER TOTAL                      583.35-

TELLER  74  DRAWER 6

  SEQ   TRAN   ACCT NO               AMOUNT        BALANCE
  ----  -----  ------------    ------------  -------------
     1  DEP    00142735           3,432.22-       5,702.34
     2  LOAN   00146879            4,253.91       9,956.25
     3  WDL    00142257           3,914.61-       6,041.64
     4  DEP    00147345             311.89-       5,729.75
     5  CHK    00146541            1,767.76       7,497.51
     6  XFR    00143614            2,601.15      10,098.66
     7  LOAN   00141749              733.97      10,832.63
     8  DEP    00147147           2,744.71-       8,087.92

  TELLER TOTAL                    1,046.64-

