TELLER SESSION JOURNAL                                  PAGE    1
MIDLAND MUTUAL CREDIT UNION                             RUN 09/17/2026 07:40
========================================================================

TELLER  47  DRAWER 4

  SEQ   TRAN   ACCOUNT               AMOUNT        BALANCE
  ----  -----  ------------    ------------  -------------
     1  CHK    00149176          (1,674.85)       8,005.21
     2  DEP    00149298            (156.58)       7,848.63
     3  LOAN   00143831            3,699.90      11,548.53
     4  WDL    00149379              481.84      12,030.37
     5  XFR    00145194            4,237.48      16,267.85
     6  CHK    00144467            2,008.80      18,276.65
     7  LOAN   00149054          (2,257.76)      16,018.89

  TOTAL FOR TELLER                 6,338.83

TELLER  43  DRAWER 3

  SEQ   TRAN   ACCOUNT               AMOUNT        BALANCE
  ----  -----  ------------    ------------  -------------
     1  WDL    00148078          (4,668.17)       (787.52)
     2  WDL    00141655            3,079.32       2,291.80
     3  DEP    00145908            2,273.22       4,565.02
     4  LOAN   00143610            2,509.18       7,074.20
     5  CHK    00148563            4,297.45      11,371.65
     6  LOAN   00148526            2,264.99      13,636.64

  TOTAL FOR TELLER                 9,755.99

TELLER  17  DRAWER 5

  SEQ   TRAN   ACCOUNT               AMOUNT        BALANCE
  ----  -----  ------------    ------------  -------------
     1  CHK    00144292            4,576.30       9,103.86
     2  LOAN   00147451            3,000.23      12,104.09
     3  DEP    00142729            (754.34)      11,349.75
     4  DEP    00140914              272.03      11,621.78
     5  WDL    00148671          (1,050.52)      10,571.26
     6  XFR    00146433          (3,562.51)       7,008.75
     7  DEP    00140777            4,407.01      11,415.76

  TOTAL FOR TELLER                 6,888.20

