TELLER SESSION JOURNAL                                  PAGE    1
MIDLAND MUTUAL CREDIT UNION                             RUN 09/17/2026 07:40
========================================================================

TELLER  41  DRAWER 1

    SEQ   TRAN   ACCOUNT               AMOUNT        BALANCE
    ----  -----  ------------    ------------  -------------
       1  LOAN   00141976              525.35       4,246.14
       2  DEP    00143940            1,321.59       5,567.73
       3  XFR    00145650            3,612.31       9,180.04
       4  WDL    00148034              399.88       9,579.92
       5  WDL    00140326           1,908.15-       7,671.77
       6  LOAN   00143277           1,013.81-       6,657.96
       7  DEP    00143096           1,033.68-       5,624.28
       8  CHK    00142983           1,282.50-       4,341.78

    TELLER TOTAL                       620.99

TELLER  94  DRAWER 4

    SEQ   TRAN   ACCOUNT               AMOUNT        BALANCE
    ----  -----  ------------    ------------  -------------
       1  LOAN   00146377            2,848.68       8,132.04
       2  WDL    00147803           2,941.98-       5,190.06
       3  LOAN   00145172            2,611.79       7,801.85
       4  XFR    00142546            1,811.80       9,613.65
       5  DEP    00142527           2,721.46-       6,892.19
       6  LOAN   00148882              609.00       7,501.19
       7  CHK    00146277            2,332.26       9,833.45
       8  LOAN   00149421            1,821.63      11,655.08

    TELLER TOTAL                     6,371.72

TELLER  63  DRAWER 5

    SEQ   TRAN   ACCOUNT               AMOUNT        BALANCE
    ----  -----  ------------    ------------  -------------
       1  WDL    00143559            2,323.76       9,270.70
       2  WDL    00144177            3,717.00      12,987.70
       3  WDL    00145267              680.23      13,667.93
       4  CHK    00147802            2,069.98      15,737.91
       5  LOAN   00147671            2,925.96      18,663.87
       6  DEP    00142203              777.77      19,441.64
       7  DEP    00148748              806.78      20,248.42
       8  LOAN   00145754           4,212.82-      16,035.60

    TELLER TOTAL                     9,088.66

