12/15/2026    17-MAY-2026        1,708.67  LINDQVIST, ESTHER    00143030
        21-AUG-2026    12/21/2026  WHITFIELD, IRINA      00143597     07/13/2026
       CORRECTION       2,998.14-        ROSSI, NADIA
      2,253.78     ROSSI, ALICE      ROSSI, FEMI  00141250
        RETURN    LINDQVIST, FEMI
 00147159       00148428

       TERMINAL      WHITFIELD, ESTHER   00145010      00143061    SANTOS, PHILIPPE
        CORRECTION  00149449   TRANSFER
      LINDQVIST, ALICE   1,487.46       00143465       15-DEC-2026
       512.02-   615.38    01/19/2026       3,346.23      MERCER, FEMI
    224.53  4,753.42    18-MAR-2026
 08/17/2026       (2,046.32)
   3,231.20  00149888     00141777   00148490
  2,857.79        SERIES   ABIODUN, NADIA  07/26/2026   3,121.57

   4,038.42     OFFICE       HELD       3,338.10
 27-NOV-2026   RETURN       20-JUN-2026      00146474      26-MAY-2026
 HELD     00147064  05/20/2026  2,674.16

        LINDQVIST, FEMI      00149938
     10/28/2026     JOURNAL     930.43        00142151     ITEM
03/13/2026       04/25/2026      NAKAMURA, MARGARET  (2,654.99)  4,246.73-
      21-APR-2026        17-SEP-2026
  28-AUG-2026     WINDOW     CLASS
       00146415      SANTOS, ALICE
       09/22/2026  CHAUDHRY, DIEGO       00143503     00148672
   TRANSIT  23-NOV-2026        00146859
    CYCLE     2,287.81        04/16/2026
 00145958      05/19/2026       00149923        SANTOS, NADIA    CHAUDHRY, BRENDAN
       02/22/2026  3,621.89       13-MAR-2026
 SANTOS, IRINA    1,656.24     1,181.76        00143618   25-APR-2026
00143733        RETURN  CLEARED       00141795
     00143892  4,385.17  16-SEP-2026
     4,277.85      DELACROIX, MARGARET        00149541
     00143640   02/16/2026
       LINDQVIST, DIEGO     WHITFIELD, FEMI   03/21/2026        ANDERSSON, YUKI        REGION
     PERIOD     CLASS    ANDERSSON, IRINA

      00145981      07/13/2026       CLASS    00148894       NAKAMURA, GUNNAR
  ANDERSSON, PHILIPPE        26-JUL-2026     00145911
