 SETTLEMENT      DRAFT      TRANSFER    3,163.89    00147993
     16-OCT-2026   299.84   22-JAN-2026       CYCLE    00147269
       4,770.43     KOVACS, GUNNAR      00141374   LEDGER
     CHARGE       18-DEC-2026       2,112.15
        HELD   REVERSAL   00149179
MERCER, YUKI       15-MAR-2026
       04/13/2026     00143838        TRANSFER
      SETTLEMENT    00146728      MWANGI, ESTHER  MWANGI, EVA    00140056

   4,101.98       00144109    CREDIT        ITEM     THORNBURY, IRINA

   CHAUDHRY, EVA  CORRECTION

   MERCER, CHIARA  RETURN
        3,872.47    03/22/2026       00147059    SERIES
    BATCH     16-AUG-2026     00140783
      00142096        425.40  TRANSFER    00144857  2,419.44
 ABIODUN, BRENDAN   25-MAR-2026    NAKAMURA, ALICE      00143381
2,876.33   JOURNAL        04/16/2026
      23-OCT-2026      1,069.00     15-NOV-2026       01/20/2026
 05/16/2026  03/17/2026      CLEARED      11/25/2026       00141620
     4,144.43    4,335.34    00146561   4,743.95
   00147678    15-OCT-2026      01/23/2026   00146517
       CLASS    SETTLEMENT        TERMINAL
      3,524.22    19-MAR-2026       28-APR-2026        00146026
 NAKAMURA, CHIARA     SANTOS, MARGARET  2,888.80
      TRANSIT        397.12-   3,141.57        00143121        812.69-
    NAKAMURA, ALICE    00144501      OFFICE
        00141778      CYCLE
  12/28/2026        MERCER, MARGARET       MEMO        CLASS    ANDERSSON, FEMI
     OKAFOR, ALICE      OKAFOR, DIEGO  00147365
 ROSSI, BRENDAN   00142802      12/18/2026  KOVACS, NADIA    00141241

  DELACROIX, GUNNAR       1,384.84     DRAFT
    OKAFOR, CHIARA  LEDGER      CORRECTION
3,356.87-    LINDQVIST, CHIARA        MERCER, IRINA
    LINDQVIST, ESTHER   ROSSI, BRENDAN
    OKAFOR, YUKI     00148896     2,913.71
00149095     07/28/2026
      ANDERSSON, IRINA        00140414      12/17/2026        06/24/2026
       00145667        OFFICE  00143129     07/25/2026    REVIEW
MEMO        00145404       869.60       22-AUG-2026       4,620.32
      03/24/2026     REVERSAL      00147917
   18-AUG-2026     TRANSIT
        26-JUN-2026      00148498     DRAFT      DELACROIX, CHIARA
    OFFICE       3,444.29  12/18/2026
       ROSSI, GUNNAR     ABIODUN, NADIA      KOVACS, MARGARET

    2,973.63    01/19/2026  3,872.01      11/16/2026
      LEDGER     580.27     JOURNAL        00146581
    MWANGI, ALICE      KOVACS, MARGARET   20-MAY-2026
   TRANSIT  00141953       (1,501.63)     4,790.05    00146591
ANDERSSON, ALICE     CREDIT   1,860.30
        4,821.59  3,328.44
00147296  MWANGI, NADIA
    -1,917.16    THORNBURY, BRENDAN  CREDIT
     CHAUDHRY, EVA  12/25/2026   21-AUG-2026
       1,449.58        4,506.71       HELD   00146018
 WHITFIELD, ALICE      00143925       1,994.42     00140835
        (2,371.03)      26-SEP-2026
00149568  DELACROIX, IRINA       DRAFT       16-JUL-2026  14-JAN-2026
     14-APR-2026       4,446.78        04/28/2026        THORNBURY, YUKI
      10/14/2026       3,213.18     10/15/2026     04/17/2026
   00147212    (2,146.23)      ABIODUN, BRENDAN  WINDOW
      1,771.61    -2,338.75       3,826.26   16-JUN-2026

     CHARGE   2,342.62     4,782.21        REYES, PHILIPPE
       -1,653.67        THORNBURY, ESTHER    00142067     08/20/2026
    CLEARED       08/19/2026
18-NOV-2026     00148595   07/23/2026     23-NOV-2026      4,002.08
MWANGI, MARGARET   3,994.13   00140695   MERCER, ESTHER
    00142467       00142369        00146682       ABIODUN, YUKI
    REGION    3,859.40      866.14  PERIOD

