
   LEDGER   275.03     ABIODUN, PHILIPPE
   00142141       HELD  JOURNAL
       JOURNAL        00146530        1,205.17    08/28/2026  TRANSFER
       KOVACS, MARGARET    ROSSI, ALICE  07/19/2026  MEMO
    00147512      1,835.76     4,811.10    ANDERSSON, YUKI      ROSSI, ESTHER
     1,752.44       4,691.16        THORNBURY, IRINA    SANTOS, YUKI
    1,198.76   TERMINAL       REVERSAL      REYES, EVA   1,320.11
        3,454.70    26-AUG-2026       (398.39)
      3,535.05   REYES, EVA       NAKAMURA, EVA
PERIOD     00147356     LINDQVIST, ESTHER        3,312.17
       REVERSAL   CLEARED     SUSPENSE
       THORNBURY, IRINA  08/13/2026      CYCLE
  106.32      00144162

   KOVACS, ALICE    REGION
       00140164  OKAFOR, EVA    00140891
       4,382.91        WHITFIELD, ALICE

26-AUG-2026   REVIEW  00148567  2,762.70   00142057
      MWANGI, NADIA      10/16/2026
 MWANGI, NADIA       173.15    4,049.07      1,996.69        395.25
   OKAFOR, BRENDAN     00149324  1,439.20
     439.27   2,298.72      ROSSI, DIEGO        2,243.33  4,034.94
RETURN       MWANGI, GUNNAR      00147206       OKAFOR, ALICE
    ANDERSSON, DIEGO        PERIOD
        NAKAMURA, PHILIPPE        00141280        2,261.63
   525.66        00146789        REYES, EVA
RETURN  WHITFIELD, DIEGO
00145783   3,125.85     00142010
  SETTLEMENT        ADJUST
   00146392   4,163.19        07/21/2026  1,824.18
 11/18/2026  REVIEW   11/13/2026   13-SEP-2026
  00143584        2,269.41   21-OCT-2026       REYES, ALICE


  SUSPENSE    00141155  27-MAR-2026  CHARGE
      -129.73   MWANGI, DIEGO      00144125     00148716
     ABIODUN, EVA    00148901   LINDQVIST, DIEGO   THORNBURY, DIEGO    ROSSI, PHILIPPE
     00146323   00149902       WINDOW   13-SEP-2026   00146295
17-JAN-2026   ROSSI, DIEGO       CORRECTION       MWANGI, CHIARA
    OKAFOR, YUKI       3,232.07  00140356
  REYES, DIEGO    HELD    WINDOW
      CHAUDHRY, NADIA   SANTOS, GUNNAR      REYES, PHILIPPE
  00144346        03/26/2026  11/20/2026  16-JUN-2026
        MEMO       00146717
   CLEARED    TRANSIT      320.98   REVERSAL
      ITEM    1,068.77-  PETROVA, ESTHER        MERCER, MARGARET       19-JAN-2026
  14-MAR-2026     REYES, NADIA    09/16/2026
  DELACROIX, ALICE    4,218.78

   SEGMENT       REYES, ALICE      4,212.17
    HELD     CHAUDHRY, BRENDAN
TERMINAL        KOVACS, NADIA     CHARGE
   BATCH    00142427
      19-MAY-2026      REGION        00142154
        TERMINAL       00146352
SANTOS, BRENDAN        DRAFT
    ROSSI, PHILIPPE        THORNBURY, FEMI        SANTOS, BRENDAN      LINDQVIST, ESTHER       09/16/2026
   SANTOS, GUNNAR        3,366.68   3,094.21      ADJUST
  04/22/2026      00140498      (3,367.72)   ROSSI, YUKI
10/16/2026   00144375
     CHAUDHRY, FEMI   2,727.56
   00143935      2,936.26
     11/13/2026    (3,490.99)
        2,578.46     00143481       05/21/2026  02/14/2026
        ADJUST    1,663.59    THORNBURY, FEMI
       PETROVA, BRENDAN       25-APR-2026    07/20/2026
 DRAFT    3,560.44
