
        00141631    ROSSI, NADIA   SERIES      06/21/2026
    SERIES    00146898      4,397.57       08/15/2026
     WINDOW   -1,528.09   REVERSAL   1,369.37
     KOVACS, PHILIPPE      LINDQVIST, ALICE    16-JUL-2026    00142873
    CLASS     2,520.82     MERCER, YUKI
   40.08      2,982.10       04/18/2026     00149003
     3,748.38  MERCER, FEMI        LEDGER
      00142917       25-APR-2026    00143368
 CLEARED   OFFICE       POSTED       19-APR-2026
 17-SEP-2026        04/17/2026       ADJUST
 PETROVA, BRENDAN        CLEARED        ITEM

        CREDIT     27-AUG-2026     OKAFOR, PHILIPPE
  1,658.19   WHITFIELD, YUKI       00147219        00145947        1,973.86
    516.98  MEMO   SETTLEMENT        03/28/2026
        23-NOV-2026   3,752.01     00140060       LEDGER
   BATCH      3,282.26       ROSSI, ALICE   00142360
  -4,224.61      00149252        00148715      24-DEC-2026  2,952.52
 00140364   HELD       00144571
  JOURNAL       12/15/2026       CORRECTION   THORNBURY, ALICE     TRANSIT
  HELD     00140380     00147311    16-OCT-2026
     11/26/2026   28-DEC-2026
     MERCER, FEMI        ANDERSSON, GUNNAR   KOVACS, PHILIPPE    MEMO     12/22/2026
       LINDQVIST, GUNNAR       KOVACS, GUNNAR   00146533      330.56
   CREDIT      ANDERSSON, EVA    DELACROIX, ESTHER        419.11    THORNBURY, DIEGO
13-MAY-2026      OFFICE  ANDERSSON, GUNNAR        00141603
   REYES, GUNNAR        KOVACS, DIEGO      00140393
   28-OCT-2026  00140700       3,001.79   NAKAMURA, DIEGO
JOURNAL        396.23        169.09
        05/17/2026       MWANGI, DIEGO     24-JUN-2026
        LINDQVIST, MARGARET      00140480  00145477    CHAUDHRY, FEMI        3,224.12
       CYCLE        00149101   3,004.66-       JOURNAL   WHITFIELD, BRENDAN
     24-MAR-2026  JOURNAL        20-JAN-2026
    ABIODUN, NADIA   -1,370.41
   ABIODUN, EVA    MEMO
3,819.76     3,189.95
  09/20/2026        00145403
       05/25/2026  09/18/2026     LINDQVIST, FEMI      07/17/2026
    WINDOW   09/27/2026        00146081        -3,189.53        03/23/2026


   24-SEP-2026   20-DEC-2026  TERMINAL
   00149701  24-APR-2026
00141712     ADVICE       -3,963.19
        07/22/2026       1,724.60
951.40      SANTOS, GUNNAR     00146169   1,508.57  00145696
        DELACROIX, NADIA       WHITFIELD, ESTHER
      00144197       LINDQVIST, MARGARET
 1,860.55        (2,588.73)        00141387        199.34    LINDQVIST, FEMI
        12/20/2026       2,747.36
   00141731   SUSPENSE       04/26/2026
12/21/2026       SUSPENSE     00141002        04/27/2026       REYES, PHILIPPE
BATCH   REYES, PHILIPPE      HELD      15-MAY-2026        00149864

   MERCER, GUNNAR   05/25/2026        07/16/2026    RETURN        00140663
  00144506        1,714.90       00143830  2,576.02   ADJUST
00144641   18-DEC-2026       (2,357.73)       00144744
