     LEDGER     SEGMENT    00146966  REVERSAL      DELACROIX, NADIA

  3,913.59        PERIOD
00143144   OKAFOR, ALICE      OKAFOR, ALICE
  CHAUDHRY, NADIA      18-AUG-2026

      00143192     OKAFOR, MARGARET
       06/26/2026      (3,918.22)
        05/24/2026   ROSSI, FEMI
        382.62    11/19/2026
20-APR-2026  00147384  08/18/2026    HELD
    SANTOS, FEMI        19-JAN-2026      00148607
        REGION  409.85        CORRECTION   WINDOW
    ABIODUN, YUKI       00144009    4,628.24        03/14/2026
       MWANGI, IRINA  00140837  00147818
08/19/2026    JOURNAL  00145337   CYCLE
       00145110    04/15/2026   MERCER, NADIA     DRAFT       PERIOD
   ROSSI, ESTHER  00144216       2,041.20    THORNBURY, MARGARET


   00147702    CREDIT
     00148813      00147893     CORRECTION     01/17/2026

        THORNBURY, DIEGO  15-JAN-2026  00148847      REGION
     MEMO      (3,515.08)        00148436
      3,970.37        3,676.36  00141671   TRANSFER
       1,594.60   BATCH
    CHARGE       21-APR-2026        2,166.28

        00148819    NAKAMURA, PHILIPPE
        CORRECTION        REVERSAL
     08/18/2026  1,365.42    00149472
      3,217.73        00141928
HELD     767.93   180.31-
      20-DEC-2026        OKAFOR, FEMI      15-JAN-2026
     1,668.10   07/21/2026       CLEARED      -3,826.65
   REYES, BRENDAN     00141260       3,691.22-
   00140124  ANDERSSON, GUNNAR       PETROVA, ESTHER   CHARGE  4,335.61
     SUSPENSE     00145715      00142913   1,318.56       03/28/2026
    WHITFIELD, EVA  12/17/2026  WINDOW     CHARGE      12/19/2026
        CHAUDHRY, GUNNAR  00144043      23-APR-2026
      778.49        08/22/2026        MERCER, NADIA       RETURN
      3,119.03     PERIOD    ROSSI, NADIA
   MEMO     MERCER, EVA     CHAUDHRY, GUNNAR       10/13/2026
        MERCER, MARGARET  08/18/2026    00145393      1,893.05    REGION
        00148473  00140222   2,027.22       18-APR-2026
     00141584      4,064.95    05/19/2026    WHITFIELD, MARGARET
 09/27/2026        00145240     SANTOS, FEMI
        CLASS      24-AUG-2026
  01/17/2026      00145735        CHAUDHRY, PHILIPPE      SETTLEMENT      13-FEB-2026
  SUSPENSE        4,058.80      TRANSFER       19-JAN-2026     (408.04)
    RETURN     00143783      OKAFOR, DIEGO     04/27/2026
       02/18/2026    10/17/2026  MERCER, GUNNAR
       24-OCT-2026      22-OCT-2026      00144201     3,130.36      SETTLEMENT

      06/16/2026        761.78        2,697.19    23-AUG-2026        11/21/2026

   877.77    00142246
    20-APR-2026   02/17/2026        THORNBURY, PHILIPPE        ANDERSSON, CHIARA        4,726.49
    205.48        23-OCT-2026  ABIODUN, IRINA   CLEARED
     THORNBURY, GUNNAR   ABIODUN, BRENDAN    01/26/2026     3,702.05
        REVIEW    1,645.79     SANTOS, CHIARA
    24-JUL-2026        REVIEW    07/13/2026      2,185.36
       26-NOV-2026        05/15/2026
