        KOVACS, FEMI    OFFICE  OKAFOR, BRENDAN    325.85
  26-DEC-2026    00148462  ADJUST        00147679
       CHAUDHRY, DIEGO   REVERSAL   OKAFOR, EVA
   00142150    00148810    01/17/2026        CHAUDHRY, EVA  SETTLEMENT
 2,713.72       00143570    3,367.59        CHAUDHRY, DIEGO
        17-SEP-2026        NAKAMURA, CHIARA        59.15
     13-SEP-2026   05/25/2026      MEMO     NAKAMURA, NADIA
   (3,663.84)     DELACROIX, DIEGO  REYES, CHIARA      CHARGE      03/26/2026
       1,601.76        ABIODUN, IRINA   REYES, IRINA      22-MAR-2026  2,905.11
    00146181      12/24/2026       JOURNAL   00140819
       SEGMENT        04/20/2026   CREDIT
      00142544      4,695.11  04/13/2026   PETROVA, NADIA    933.91
3,116.44      ROSSI, MARGARET        (1,849.67)        07/15/2026
      ADVICE    PERIOD
     3,524.52        27-JAN-2026       2,770.32
        ADVICE      00145199     00148391      3,774.58
 WHITFIELD, PHILIPPE      CHARGE   28-DEC-2026       CLASS
        21-JUL-2026    KOVACS, GUNNAR    REVERSAL        3,943.04-  MWANGI, CHIARA
    KOVACS, MARGARET        1,516.60      ADVICE    CREDIT      00148323
    ANDERSSON, GUNNAR     21-MAR-2026
       10/14/2026      1,066.87     659.79
    DELACROIX, IRINA  REVIEW        00142390    09/16/2026
TRANSIT        00146033   CHARGE        00148859
      2,653.68     1,799.94
HELD  00147837    00147239   OKAFOR, MARGARET  3,768.05
    00147949      PETROVA, PHILIPPE
 12/21/2026      ABIODUN, ALICE
       OKAFOR, BRENDAN       00148203
        48.70       OFFICE     824.78
     05/19/2026   09/23/2026      2,530.55    08/17/2026   REVIEW
    00143595     WHITFIELD, NADIA      BATCH       PERIOD
 08/14/2026        22-OCT-2026
      00149039      389.18    SETTLEMENT
    01/25/2026        ADVICE     2,359.26        13-JUN-2026  00143755
      15-JUL-2026       00145106
   3,410.55     09/17/2026
     MEMO  265.03  00143721
   00149450        02/23/2026  00147090    REYES, MARGARET
    2,560.40   20-SEP-2026      WHITFIELD, DIEGO
    1,693.32    NAKAMURA, MARGARET  OFFICE
 12/20/2026    00149687     MWANGI, GUNNAR

00141897     MERCER, IRINA     22-MAR-2026   2,561.06      00147180
       00148064   26-MAR-2026   00146662
      LEDGER       ANDERSSON, YUKI    BATCH   REGION
   ITEM  00146612    00146498       00143283

      SANTOS, MARGARET     DELACROIX, EVA     KOVACS, NADIA       00141138      01/15/2026
   10/23/2026        SUSPENSE        KOVACS, YUKI     23-FEB-2026
20-MAY-2026        00149750      REVERSAL        OKAFOR, NADIA
 00140105       SETTLEMENT     ADVICE
    DRAFT        DELACROIX, IRINA
     WINDOW    ADJUST     1,109.35       KOVACS, FEMI     CHARGE
      ABIODUN, DIEGO        MERCER, FEMI    2,978.65    CREDIT      LEDGER
     00145712   KOVACS, BRENDAN    KOVACS, FEMI
359.00       2,148.74   PERIOD     00142155
    (223.62)     26-APR-2026       PETROVA, MARGARET     22-NOV-2026
     ROSSI, PHILIPPE       15-SEP-2026     00141055  21-APR-2026
 09/27/2026        24-APR-2026       03/18/2026     4,377.15
    CHARGE    27-JUN-2026   1,254.33
755.58-       PETROVA, CHIARA       CREDIT     ANDERSSON, EVA  00147353
  SANTOS, ALICE    26-SEP-2026        MEMO
      17-APR-2026       1,321.26       BATCH   04/22/2026
19-MAY-2026       00149454
    00143194     02/14/2026


