    SUSPENSE       00144221       HELD        CLEARED    ITEM

        13-DEC-2026        00149894    24-AUG-2026   4,582.82

    00145350    00143586    00147957
    SUSPENSE   REYES, GUNNAR
    4,789.99      543.39       LINDQVIST, DIEGO    4,006.61
    00140172   MERCER, ALICE       WHITFIELD, FEMI


  10/22/2026     OFFICE  RETURN      THORNBURY, EVA    DELACROIX, CHIARA

00140058    2,351.81     19-NOV-2026        (4,118.40)  1,013.02
        2,994.76    WHITFIELD, CHIARA  CREDIT  THORNBURY, IRINA  17-JUL-2026
    1,592.73  3,293.25    28-SEP-2026   3,538.31   00146887

   00149342     3,159.55      ANDERSSON, BRENDAN   MWANGI, ESTHER        KOVACS, ALICE
      ITEM  00147369
       04/25/2026       REVERSAL      00148505      28-OCT-2026
    13-DEC-2026   00144164    2,336.91

     00141567  01/25/2026   SEGMENT  03/18/2026
   00145987    3,328.27     CYCLE       19-FEB-2026        -1,549.84
00149101     CHAUDHRY, PHILIPPE  1,470.61     1,115.78   00147557
  00147862       06/16/2026  00140052
     ROSSI, ESTHER     00148069     MERCER, PHILIPPE      419.46-        MWANGI, DIEGO
  13-JAN-2026     2,374.26
    DRAFT     REYES, PHILIPPE     2,073.56        3,878.25       05/20/2026
  CHARGE       00146342
  RETURN    REYES, BRENDAN      KOVACS, DIEGO
      18-FEB-2026    27-AUG-2026   17-AUG-2026       ADJUST

      19-JAN-2026        1,388.20        3,551.79    01/19/2026       LINDQVIST, YUKI
     DRAFT  3,191.18   2,326.26    01/19/2026    NAKAMURA, NADIA
   THORNBURY, DIEGO    10/24/2026       00146674
       00144160     00140446    02/15/2026    PERIOD
        ABIODUN, GUNNAR     10/23/2026    SEGMENT
        933.34   1,260.35       PERIOD   28-JUL-2026   REGION
00144157   17-NOV-2026
      2,766.29        NAKAMURA, FEMI       ANDERSSON, IRINA
 20-MAR-2026  4,684.84   KOVACS, YUKI      NAKAMURA, FEMI
        06/26/2026       25-APR-2026
        CHAUDHRY, GUNNAR  ROSSI, BRENDAN   00140966     16-NOV-2026
      SANTOS, BRENDAN   04/17/2026       ADJUST     TRANSFER    00147227
19-OCT-2026    ROSSI, EVA        CHARGE       01/23/2026      4,753.07
SEGMENT        THORNBURY, ALICE      ITEM  01/28/2026
    ANDERSSON, BRENDAN  06/20/2026        22-JUN-2026   DELACROIX, FEMI
        SANTOS, GUNNAR   OKAFOR, CHIARA        TRANSIT      25-AUG-2026  12/25/2026
  BATCH       00149931      WHITFIELD, FEMI
00143866  MEMO
4,612.91      01/20/2026   00149661
   TRANSIT      3,040.15
   TRANSIT       LINDQVIST, CHIARA    WHITFIELD, BRENDAN  00146730    SUSPENSE
 00147589  THORNBURY, CHIARA       15-OCT-2026  1,793.86
       00140223      ANDERSSON, NADIA   CORRECTION     MWANGI, ALICE      2,775.48
     00146960  PETROVA, FEMI        ITEM    2,788.19-
18-NOV-2026      03/17/2026       ADVICE  THORNBURY, CHIARA
       CHAUDHRY, EVA       LINDQVIST, NADIA    PERIOD  655.13   THORNBURY, IRINA
  455.23        00149610  20-JAN-2026    01/19/2026  482.26
        08/13/2026        16-MAR-2026     CORRECTION     LINDQVIST, IRINA
10/27/2026      DRAFT
  12/17/2026   00149718  00146703
        SUSPENSE       00141184   00144766
       CLEARED    3,693.74-

    01/18/2026        24-JUL-2026        00142910
CHAUDHRY, IRINA       CHARGE  01/25/2026  00141311       REGION
  00148143        00144843
00142349     MWANGI, MARGARET      00143925
 CHAUDHRY, EVA      SANTOS, IRINA  00145172     4,622.60    ROSSI, ESTHER
  LINDQVIST, NADIA        SANTOS, BRENDAN      3,422.32
  00148504      SETTLEMENT     2,365.96   1,975.00      KOVACS, DIEGO
     466.58        03/23/2026   4,803.31
     OKAFOR, GUNNAR    2,837.97   NAKAMURA, ESTHER
        77.25    MWANGI, ALICE     PETROVA, BRENDAN     1,236.56
DELACROIX, EVA   02/20/2026       00144505
     1,812.80        MERCER, PHILIPPE
  06/18/2026      1,128.48   WINDOW
        00144290  4,160.38
 06/28/2026   00146655
