
     10/28/2026        00149376     -3,317.38     KOVACS, BRENDAN
  08/21/2026      17-JUN-2026
CORRECTION      3,963.98       REVERSAL      00140280
      13-JUL-2026    ROSSI, MARGARET        2,649.69  THORNBURY, MARGARET
CHAUDHRY, GUNNAR       09/13/2026      LINDQVIST, CHIARA     11/23/2026       13-JUN-2026
     -923.85      00149582    LEDGER       00143963
  ITEM      12/26/2026
    TRANSIT   00142786

      11/16/2026      SEGMENT
    REYES, MARGARET       00141227       LEDGER    MEMO
     CREDIT    00144286      689.75   00146607
      SEGMENT  28-APR-2026        00144326     SETTLEMENT   00143231
     3,897.52-       00146860     22-AUG-2026      00141237
     MERCER, DIEGO      15-OCT-2026  ADVICE
    00144882        NAKAMURA, IRINA   15-SEP-2026
   2,252.59     REGION   22-JUN-2026
  05/22/2026  SANTOS, GUNNAR
       00147037  00149471        11/24/2026   01/16/2026
    LINDQVIST, NADIA  10/28/2026     1,631.29       128.90    559.85
     ADJUST   ITEM     108.67   4,416.41
        10/15/2026   00145374    WHITFIELD, FEMI
        00143462       4,789.12   3,923.80    SANTOS, CHIARA

  CHAUDHRY, BRENDAN       14-NOV-2026     SUSPENSE        00149819
  26-JUN-2026     15-AUG-2026
     ABIODUN, EVA      RETURN      20-NOV-2026
     340.48        KOVACS, IRINA    16-AUG-2026
 MWANGI, FEMI     NAKAMURA, EVA   00149816   08/15/2026        00148653
       DELACROIX, FEMI  00149211   REVIEW   13-AUG-2026      00146850
        4,451.03     SANTOS, GUNNAR

      ROSSI, PHILIPPE       00147437
09/13/2026     ROSSI, PHILIPPE     4,195.26
  WHITFIELD, NADIA    ADVICE
  08/23/2026  24-JUN-2026   16-MAY-2026  LINDQVIST, CHIARA  REVERSAL
   00142218   13-JAN-2026       CORRECTION  SERIES
 11/24/2026      00148431
        3,919.49   ADJUST       07/22/2026       2,809.69
 1,661.50        ADJUST      CREDIT
   1,384.32   24-JUL-2026        01/21/2026       OKAFOR, EVA

CHAUDHRY, BRENDAN      ADJUST     00140104      00145131     DRAFT
       KOVACS, MARGARET      183.37       13-MAY-2026        REYES, GUNNAR       25-MAY-2026
        25-JAN-2026        3,040.02  00143250      20-JUN-2026    00148980
      ABIODUN, FEMI      4,653.57
       242.27       MERCER, CHIARA   PETROVA, NADIA  CLASS        ADVICE
      CORRECTION    4,295.50       06/28/2026    ADJUST
       00143486      26-SEP-2026
       00144211       00143866      CHARGE        ADJUST
        00141064     NAKAMURA, PHILIPPE       00140854
  RETURN    KOVACS, CHIARA    REYES, IRINA
118.03    13-JUL-2026    07/19/2026       432.48    00148499
