     2,548.12   3,671.23
       4,194.80      00141427     3,039.23     CORRECTION
        08/19/2026       MEMO  01/26/2026
        TRANSFER   ABIODUN, PHILIPPE
  06/19/2026  -2,593.50
       TERMINAL     00149767    ANDERSSON, ALICE    00145456  (2,910.42)
  20-JAN-2026      2,471.23
   OKAFOR, CHIARA    07/18/2026       08/15/2026    19-SEP-2026
       DELACROIX, MARGARET        RETURN   4,436.79
  WHITFIELD, YUKI      00143271
      SETTLEMENT      1,725.78     CYCLE  TRANSIT
        DELACROIX, PHILIPPE  00140384
     18-MAR-2026  344.79        RETURN
   00147328        10/20/2026

 CLEARED       LINDQVIST, FEMI       00148458  POSTED   REVERSAL
    06/26/2026     00145786        RETURN  PERIOD
    PETROVA, GUNNAR   CLASS   (2,350.50)  CHAUDHRY, FEMI
       2,591.22      ITEM      04/15/2026    NAKAMURA, IRINA
     SERIES     CORRECTION
      SEGMENT      710.13

    00144824      PETROVA, NADIA       1,132.89
     KOVACS, CHIARA     05/25/2026     -3,110.87
        3,241.33    16-JUN-2026
  ANDERSSON, EVA  00141582  DELACROIX, GUNNAR      00148971
03/27/2026   SEGMENT
  10/20/2026       00146349     08/16/2026      00141532       25-OCT-2026
       MERCER, NADIA       PETROVA, BRENDAN       609.63        04/27/2026
        00147103  11/15/2026        00142350
JOURNAL    REGION     SETTLEMENT     11/23/2026

    25-JUN-2026    LINDQVIST, ESTHER    00148482    ROSSI, YUKI        REYES, ALICE
       00141951     -3,854.78  CORRECTION       PERIOD  00147341
  26-FEB-2026  00142614        LINDQVIST, EVA
 00141569        00143989      REVERSAL    00149157
   682.88      16-DEC-2026
      00140766       02/25/2026       02/24/2026
        00143780        26-SEP-2026        00149032    ITEM
 JOURNAL        28-MAY-2026  2,789.71       ADJUST
        24-AUG-2026  12/27/2026     00140337        00147605
  00149378     JOURNAL
   00145318  00148355  26-JUL-2026
       4,803.01-    REYES, IRINA
      00148205      00146455      ABIODUN, MARGARET        02/20/2026
  PETROVA, IRINA     -2,282.73     SETTLEMENT       00149267
    REGION    MWANGI, NADIA
 DRAFT        04/17/2026
00149258     09/23/2026      00147088  00144395
14-SEP-2026        NAKAMURA, CHIARA
       587.58     ABIODUN, MARGARET        18-SEP-2026
        18-JUN-2026      REYES, MARGARET
