    KOVACS, IRINA       OKAFOR, NADIA      2,632.61     HELD
   06/25/2026        TRANSFER      PERIOD
       BATCH  JOURNAL  00149452   REYES, EVA   SANTOS, MARGARET
        1,068.81       OKAFOR, EVA
        KOVACS, FEMI       SANTOS, MARGARET        POSTED

       NAKAMURA, MARGARET      2,296.79     1,800.00
   JOURNAL      CLEARED
    DELACROIX, DIEGO   13-OCT-2026
  00142948      LEDGER   REVERSAL
       00147065      00149075     44.59
  00144037     3,128.88  ROSSI, FEMI
     10/28/2026        00144879       REYES, DIEGO        MEMO        00147722
      1,729.31  00145344  00147310    MERCER, ALICE      2,006.17
   00145643   27-AUG-2026
 ANDERSSON, BRENDAN       25-NOV-2026  ABIODUN, DIEGO  00140274    11/18/2026
       1,980.51    20-DEC-2026
    1,408.43-    00147231   REYES, YUKI
       2,647.41        00142739     1,100.16     JOURNAL
     00140929  SUSPENSE       00147182
     SETTLEMENT      ADVICE    2,683.88
  SUSPENSE       18-JUN-2026        ABIODUN, BRENDAN       12/20/2026
      08/27/2026  00142659    CHARGE
       00141234   00146113
    00145999    21-SEP-2026        4,745.35
        2,736.32        25-NOV-2026    919.69
      REYES, PHILIPPE    ADJUST      4,117.03  10/27/2026
      12/23/2026     17-APR-2026       2,456.01        CORRECTION     CREDIT
        00140246      BATCH  00144372    ROSSI, ESTHER       00143397
     09/23/2026   TRANSIT
   02/26/2026      00142068
        ANDERSSON, ALICE  00143588     ROSSI, ESTHER  00145689      3,588.68
    02/23/2026      28-SEP-2026
    SEGMENT     09/26/2026
     -3,466.47   27-MAY-2026    00142765
       2,240.21        00143072
     00145255     08/22/2026     2,995.59       CHARGE

       4,612.74  NAKAMURA, PHILIPPE       00146786      16-OCT-2026
  17-APR-2026       00140650
 12/13/2026  ROSSI, NADIA     4,463.55  CHARGE
  00146966     ROSSI, DIEGO  MERCER, NADIA      00142439
 SUSPENSE  00143608      00143217
22-OCT-2026      CLASS       00144735
ROSSI, PHILIPPE  OKAFOR, PHILIPPE    ROSSI, BRENDAN  DELACROIX, IRINA  MEMO
    03/17/2026   17-JUN-2026
      ADVICE        00146668       CHAUDHRY, NADIA
   00149303       ANDERSSON, IRINA     REVIEW
 PETROVA, IRINA  12/26/2026   12/24/2026
     26-OCT-2026  284.51       SEGMENT        WINDOW       DELACROIX, YUKI
  ROSSI, BRENDAN   DELACROIX, MARGARET        05/25/2026  00140273      22-SEP-2026

     00147167       00142712        NAKAMURA, FEMI        CORRECTION

        00149679      ROSSI, IRINA       ROSSI, PHILIPPE    SERIES
     4,820.45     ANDERSSON, YUKI     00142226        1,339.41
REGION       NAKAMURA, MARGARET
      -1,582.99       22-SEP-2026
  14-MAR-2026    00140548   00149762  00149063     OKAFOR, DIEGO
1,426.87       CHAUDHRY, ALICE
     NAKAMURA, CHIARA   ADVICE   4,662.38      05/21/2026

   00141400    00141852
    PERIOD        08/27/2026     3,181.32-   OKAFOR, PHILIPPE
ROSSI, GUNNAR     55.34    2,816.77    SERIES
 WHITFIELD, ALICE  00147761        SUSPENSE
CHAUDHRY, BRENDAN   4,583.36
        CHAUDHRY, EVA   LEDGER     2,504.25   ABIODUN, PHILIPPE
    2,084.15     00140742  REGION    CORRECTION
        REYES, BRENDAN  RETURN
   1,188.13     11/28/2026
   00143985    KOVACS, MARGARET       SUSPENSE  ADVICE    WINDOW

   00144598    -3,767.37
      RETURN    POSTED        REGION     12/17/2026
 REYES, YUKI   MWANGI, EVA    20-OCT-2026
        00141352  23-NOV-2026    02/26/2026        00141712
    ROSSI, YUKI        14-JAN-2026        ADVICE
      NAKAMURA, GUNNAR   00146249
(2,039.99)        21-JAN-2026
