
       00140416       12/22/2026        00140071
     06/26/2026   19-SEP-2026  00141952
 PERIOD     23-APR-2026    00146221   4,701.14     REVERSAL
       20-SEP-2026      00148805    KOVACS, IRINA      00142412   1,861.37
   ADJUST     2,229.71   SERIES      855.18  2,092.74
REVIEW    1,822.59       00146220     BATCH
     997.42-     17-DEC-2026       193.19-      00145155       DRAFT
   LINDQVIST, BRENDAN   00142797       ADJUST     ITEM
  4,163.96        04/20/2026    MEMO
   14-OCT-2026       00140474
BATCH   1,543.60       MWANGI, FEMI   4,038.44
        01/13/2026        22-FEB-2026
    SEGMENT        1,396.30     CHARGE      08/17/2026   2,563.28
SANTOS, IRINA        00145758  3,746.75-
      28-JAN-2026       THORNBURY, ESTHER    MERCER, PHILIPPE    25-JAN-2026
 23-MAY-2026   24-SEP-2026     10/21/2026

  CHAUDHRY, IRINA   00140656       KOVACS, IRINA        MWANGI, GUNNAR
   00141796        -2,548.01      ROSSI, PHILIPPE
    CYCLE        DELACROIX, NADIA       PETROVA, EVA        SANTOS, FEMI
  28-JAN-2026    02/18/2026
     28-MAY-2026        KOVACS, PHILIPPE  MERCER, NADIA
   00146428   ADJUST      2,242.28        1,840.59
  27-OCT-2026    RETURN   08/26/2026
      00140167  REVIEW   18-JAN-2026
        ANDERSSON, MARGARET  2,957.08       CHAUDHRY, ALICE
       CHAUDHRY, DIEGO      CORRECTION

       20-JUN-2026   02/22/2026     RETURN   1,790.11     SETTLEMENT
   (460.53)     TRANSIT        SANTOS, DIEGO       00148331
 ADJUST     REVIEW  2,958.14    PERIOD      00140079
       4,418.11       02/15/2026
   1,497.53      00147331  ADJUST

        00144273    REVERSAL    10/24/2026

   2,409.36   00143092       01/14/2026
   00140523        12/14/2026    00140727
    REVERSAL       CREDIT       PETROVA, MARGARET     3,151.00       NAKAMURA, ESTHER
 00145999   BATCH  POSTED

       04/22/2026      23-DEC-2026  TRANSFER    00145517  00140878
       ABIODUN, FEMI      REVERSAL    REYES, MARGARET
       00148132  LINDQVIST, BRENDAN     DELACROIX, EVA    CLEARED      WINDOW
        00147824       OFFICE      08/24/2026     18-SEP-2026    ANDERSSON, BRENDAN
4,803.21      15-DEC-2026
  ANDERSSON, GUNNAR   2,122.42
        301.75    ADJUST     356.90  ITEM       ITEM
       03/14/2026       CORRECTION   695.54-
    00143409  KOVACS, GUNNAR   2,314.48   PETROVA, EVA
 25-SEP-2026    PERIOD

  00148451    00149646   12/18/2026
SERIES       TRANSFER  REGION
01/22/2026  00143279
   RETURN     DELACROIX, NADIA
        WINDOW        SETTLEMENT        00148239   00147200
       00146949       00146690       CORRECTION     00145592

