       00146282  PERIOD

        -189.34        2,448.97     08/23/2026
    09/27/2026      00148891   1,060.47     18-SEP-2026
        PERIOD     00145514  20-MAY-2026
     ITEM      02/26/2026     17-DEC-2026       00142475       NAKAMURA, EVA
 01/24/2026      03/27/2026     MWANGI, BRENDAN

     SEGMENT    CHAUDHRY, EVA
       PERIOD   00148455
  27-DEC-2026        LINDQVIST, PHILIPPE
        SANTOS, MARGARET  HELD       07/20/2026     503.90
        4,766.52       00142910  2,282.71
27-MAY-2026  751.45-       CYCLE

     CYCLE   10/23/2026
      22-AUG-2026     LEDGER      RETURN      CYCLE
      CHAUDHRY, CHIARA        15-MAR-2026   13-APR-2026       08/19/2026

  LEDGER       00141400        NAKAMURA, ALICE      CHAUDHRY, BRENDAN
  SEGMENT     00146478  2,505.26       ITEM
       ROSSI, YUKI       929.07-  1,299.94      DELACROIX, ALICE
1,851.15      CLASS    00143262    00146990
  CLEARED    10/17/2026
   SETTLEMENT      WHITFIELD, MARGARET     PETROVA, EVA   00141719     TERMINAL
        ANDERSSON, ALICE       02/13/2026      3,629.19
    TERMINAL   906.26     11/15/2026
      17-MAR-2026    PETROVA, ESTHER   TRANSFER        01/25/2026    00143611
       DELACROIX, FEMI    THORNBURY, YUKI
 1,539.57-  4,731.99  4,100.37-  906.05        PETROVA, MARGARET
    24-JUN-2026       00148778    2,740.89
    REGION    2,237.10
 00146704        08/19/2026     1,042.74
        00142625       00141430       999.73     3,826.72
22-MAR-2026        POSTED
  04/22/2026  4,139.76     THORNBURY, DIEGO        00143968
 ABIODUN, BRENDAN    MERCER, YUKI        27-SEP-2026      3,508.94
2,129.93     00145454
   REGION   15-MAR-2026
        04/15/2026     15-AUG-2026        DELACROIX, YUKI
     00144611     LINDQVIST, ALICE        3,328.07      NAKAMURA, BRENDAN   03/23/2026
      WINDOW    2,284.97     LINDQVIST, IRINA
        00141237     717.75     3,823.06      JOURNAL
     13-NOV-2026  ROSSI, PHILIPPE      26-JUL-2026     CLASS
 09/25/2026  00144543
       00141522    26-SEP-2026   SEGMENT       3,579.21
    659.74        23-MAY-2026     KOVACS, ESTHER  00145233
        349.76        00149053    00148112  POSTED

TERMINAL      02/23/2026  00141357  00140688
